Jan 05, 2026 1:27:45 PM ai.glog.execute.workers.TriageAndRemediationCallableWorker call
SEVERE: No enum constant ai.glog.plugins.bandit.plugin.BugEnum.resources.rules.python.missing-ratelimit
java.lang.IllegalArgumentException: No enum constant ai.glog.plugins.bandit.plugin.BugEnum.resources.rules.python.missing-ratelimit
	at java.base/java.lang.Enum.valueOf(Enum.java:274)
	at ai.glog.plugins.bandit.plugin.BugEnum.valueOf(BugEnum.java:6)
	at ai.glog.execute.workers.TriageAndRemediationCallableWorker.getResolver(TriageAndRemediationCallableWorker.java:97)
	at ai.glog.execute.workers.TriageAndRemediationCallableWorker.call(TriageAndRemediationCallableWorker.java:62)
	at ai.glog.execute.workers.TriageAndRemediationCallableWorker.call(TriageAndRemediationCallableWorker.java:32)
	at java.base/java.util.concurrent.FutureTask.run(FutureTask.java:317)
	at java.base/java.util.concurrent.ThreadPoolExecutor.runWorker(ThreadPoolExecutor.java:1144)
	at java.base/java.util.concurrent.ThreadPoolExecutor$Worker.run(ThreadPoolExecutor.java:642)
	at java.base/java.lang.Thread.run(Thread.java:1623)

Jan 05, 2026 1:27:45 PM ai.glog.execute.workers.TriageAndRemediationCallableWorker call
SEVERE: No enum constant ai.glog.plugins.bandit.plugin.BugEnum.resources.rules.python.missing-ratelimit
java.lang.IllegalArgumentException: No enum constant ai.glog.plugins.bandit.plugin.BugEnum.resources.rules.python.missing-ratelimit
	at java.base/java.lang.Enum.valueOf(Enum.java:274)
	at ai.glog.plugins.bandit.plugin.BugEnum.valueOf(BugEnum.java:6)
	at ai.glog.execute.workers.TriageAndRemediationCallableWorker.getResolver(TriageAndRemediationCallableWorker.java:97)
	at ai.glog.execute.workers.TriageAndRemediationCallableWorker.call(TriageAndRemediationCallableWorker.java:62)
	at ai.glog.execute.workers.TriageAndRemediationCallableWorker.call(TriageAndRemediationCallableWorker.java:32)
	at java.base/java.util.concurrent.FutureTask.run(FutureTask.java:317)
	at java.base/java.util.concurrent.ThreadPoolExecutor.runWorker(ThreadPoolExecutor.java:1144)
	at java.base/java.util.concurrent.ThreadPoolExecutor$Worker.run(ThreadPoolExecutor.java:642)
	at java.base/java.lang.Thread.run(Thread.java:1623)

Jan 05, 2026 1:27:45 PM ai.glog.execute.workers.TriageAndRemediationCallableWorker call
SEVERE: No enum constant ai.glog.plugins.bandit.plugin.BugEnum.resources.rules.python.dangerous-system-call
java.lang.IllegalArgumentException: No enum constant ai.glog.plugins.bandit.plugin.BugEnum.resources.rules.python.dangerous-system-call
	at java.base/java.lang.Enum.valueOf(Enum.java:274)
	at ai.glog.plugins.bandit.plugin.BugEnum.valueOf(BugEnum.java:6)
	at ai.glog.execute.workers.TriageAndRemediationCallableWorker.getResolver(TriageAndRemediationCallableWorker.java:97)
	at ai.glog.execute.workers.TriageAndRemediationCallableWorker.call(TriageAndRemediationCallableWorker.java:62)
	at ai.glog.execute.workers.TriageAndRemediationCallableWorker.call(TriageAndRemediationCallableWorker.java:32)
	at java.base/java.util.concurrent.FutureTask.run(FutureTask.java:317)
	at java.base/java.util.concurrent.ThreadPoolExecutor.runWorker(ThreadPoolExecutor.java:1144)
	at java.base/java.util.concurrent.ThreadPoolExecutor$Worker.run(ThreadPoolExecutor.java:642)
	at java.base/java.lang.Thread.run(Thread.java:1623)

Jan 05, 2026 1:27:45 PM ai.glog.execute.workers.TriageAndRemediationCallableWorker call
SEVERE: No enum constant ai.glog.plugins.bandit.plugin.BugEnum.resources.rules.python.insecure-os-exec-use
java.lang.IllegalArgumentException: No enum constant ai.glog.plugins.bandit.plugin.BugEnum.resources.rules.python.insecure-os-exec-use
	at java.base/java.lang.Enum.valueOf(Enum.java:274)
	at ai.glog.plugins.bandit.plugin.BugEnum.valueOf(BugEnum.java:6)
	at ai.glog.execute.workers.TriageAndRemediationCallableWorker.getResolver(TriageAndRemediationCallableWorker.java:97)
	at ai.glog.execute.workers.TriageAndRemediationCallableWorker.call(TriageAndRemediationCallableWorker.java:62)
	at ai.glog.execute.workers.TriageAndRemediationCallableWorker.call(TriageAndRemediationCallableWorker.java:32)
	at java.base/java.util.concurrent.FutureTask.run(FutureTask.java:317)
	at java.base/java.util.concurrent.ThreadPoolExecutor.runWorker(ThreadPoolExecutor.java:1144)
	at java.base/java.util.concurrent.ThreadPoolExecutor$Worker.run(ThreadPoolExecutor.java:642)
	at java.base/java.lang.Thread.run(Thread.java:1623)

Jan 05, 2026 1:27:45 PM ai.glog.execute.workers.TriageAndRemediationCallableWorker call
SEVERE: No enum constant ai.glog.plugins.bandit.plugin.BugEnum.resources.rules.python.missing-ratelimit
java.lang.IllegalArgumentException: No enum constant ai.glog.plugins.bandit.plugin.BugEnum.resources.rules.python.missing-ratelimit
	at java.base/java.lang.Enum.valueOf(Enum.java:274)
	at ai.glog.plugins.bandit.plugin.BugEnum.valueOf(BugEnum.java:6)
	at ai.glog.execute.workers.TriageAndRemediationCallableWorker.getResolver(TriageAndRemediationCallableWorker.java:97)
	at ai.glog.execute.workers.TriageAndRemediationCallableWorker.call(TriageAndRemediationCallableWorker.java:62)
	at ai.glog.execute.workers.TriageAndRemediationCallableWorker.call(TriageAndRemediationCallableWorker.java:32)
	at java.base/java.util.concurrent.FutureTask.run(FutureTask.java:317)
	at java.base/java.util.concurrent.ThreadPoolExecutor.runWorker(ThreadPoolExecutor.java:1144)
	at java.base/java.util.concurrent.ThreadPoolExecutor$Worker.run(ThreadPoolExecutor.java:642)
	at java.base/java.lang.Thread.run(Thread.java:1623)

Jan 05, 2026 1:27:45 PM ai.glog.execute.workers.TriageAndRemediationCallableWorker call
SEVERE: No enum constant ai.glog.plugins.bandit.plugin.BugEnum.resources.rules.python.missing-ratelimit
java.lang.IllegalArgumentException: No enum constant ai.glog.plugins.bandit.plugin.BugEnum.resources.rules.python.missing-ratelimit
	at java.base/java.lang.Enum.valueOf(Enum.java:274)
	at ai.glog.plugins.bandit.plugin.BugEnum.valueOf(BugEnum.java:6)
	at ai.glog.execute.workers.TriageAndRemediationCallableWorker.getResolver(TriageAndRemediationCallableWorker.java:97)
	at ai.glog.execute.workers.TriageAndRemediationCallableWorker.call(TriageAndRemediationCallableWorker.java:62)
	at ai.glog.execute.workers.TriageAndRemediationCallableWorker.call(TriageAndRemediationCallableWorker.java:32)
	at java.base/java.util.concurrent.FutureTask.run(FutureTask.java:317)
	at java.base/java.util.concurrent.ThreadPoolExecutor.runWorker(ThreadPoolExecutor.java:1144)
	at java.base/java.util.concurrent.ThreadPoolExecutor$Worker.run(ThreadPoolExecutor.java:642)
	at java.base/java.lang.Thread.run(Thread.java:1623)

Jan 05, 2026 1:27:45 PM ai.glog.execute.workers.TriageAndRemediationCallableWorker call
SEVERE: No enum constant ai.glog.plugins.bandit.plugin.BugEnum.python.django.security.injection.sql.sql-injection-using-db-cursor-execute.sql-injection-db-cursor-execute
java.lang.IllegalArgumentException: No enum constant ai.glog.plugins.bandit.plugin.BugEnum.python.django.security.injection.sql.sql-injection-using-db-cursor-execute.sql-injection-db-cursor-execute
	at java.base/java.lang.Enum.valueOf(Enum.java:274)
	at ai.glog.plugins.bandit.plugin.BugEnum.valueOf(BugEnum.java:6)
	at ai.glog.execute.workers.TriageAndRemediationCallableWorker.getResolver(TriageAndRemediationCallableWorker.java:97)
	at ai.glog.execute.workers.TriageAndRemediationCallableWorker.call(TriageAndRemediationCallableWorker.java:62)
	at ai.glog.execute.workers.TriageAndRemediationCallableWorker.call(TriageAndRemediationCallableWorker.java:32)
	at java.base/java.util.concurrent.FutureTask.run(FutureTask.java:317)
	at java.base/java.util.concurrent.ThreadPoolExecutor.runWorker(ThreadPoolExecutor.java:1144)
	at java.base/java.util.concurrent.ThreadPoolExecutor$Worker.run(ThreadPoolExecutor.java:642)
	at java.base/java.lang.Thread.run(Thread.java:1623)

Jan 05, 2026 1:27:45 PM ai.glog.execute.workers.TriageAndRemediationCallableWorker call
SEVERE: No enum constant ai.glog.plugins.bandit.plugin.BugEnum.resources.rules.python.sql-injection-db-cursor-execute
java.lang.IllegalArgumentException: No enum constant ai.glog.plugins.bandit.plugin.BugEnum.resources.rules.python.sql-injection-db-cursor-execute
	at java.base/java.lang.Enum.valueOf(Enum.java:274)
	at ai.glog.plugins.bandit.plugin.BugEnum.valueOf(BugEnum.java:6)
	at ai.glog.execute.workers.TriageAndRemediationCallableWorker.getResolver(TriageAndRemediationCallableWorker.java:97)
	at ai.glog.execute.workers.TriageAndRemediationCallableWorker.call(TriageAndRemediationCallableWorker.java:62)
	at ai.glog.execute.workers.TriageAndRemediationCallableWorker.call(TriageAndRemediationCallableWorker.java:32)
	at java.base/java.util.concurrent.FutureTask.run(FutureTask.java:317)
	at java.base/java.util.concurrent.ThreadPoolExecutor.runWorker(ThreadPoolExecutor.java:1144)
	at java.base/java.util.concurrent.ThreadPoolExecutor$Worker.run(ThreadPoolExecutor.java:642)
	at java.base/java.lang.Thread.run(Thread.java:1623)

Jan 05, 2026 1:27:46 PM ai.glog.execute.workers.TriageAndRemediationCallableWorker call
SEVERE: No enum constant ai.glog.plugins.bandit.plugin.BugEnum.python.django.security.django-using-request-post-after-is-valid.django-using-request-post-after-is-valid
java.lang.IllegalArgumentException: No enum constant ai.glog.plugins.bandit.plugin.BugEnum.python.django.security.django-using-request-post-after-is-valid.django-using-request-post-after-is-valid
	at java.base/java.lang.Enum.valueOf(Enum.java:274)
	at ai.glog.plugins.bandit.plugin.BugEnum.valueOf(BugEnum.java:6)
	at ai.glog.execute.workers.TriageAndRemediationCallableWorker.getResolver(TriageAndRemediationCallableWorker.java:97)
	at ai.glog.execute.workers.TriageAndRemediationCallableWorker.call(TriageAndRemediationCallableWorker.java:62)
	at ai.glog.execute.workers.TriageAndRemediationCallableWorker.call(TriageAndRemediationCallableWorker.java:32)
	at java.base/java.util.concurrent.FutureTask.run(FutureTask.java:317)
	at java.base/java.util.concurrent.ThreadPoolExecutor.runWorker(ThreadPoolExecutor.java:1144)
	at java.base/java.util.concurrent.ThreadPoolExecutor$Worker.run(ThreadPoolExecutor.java:642)
	at java.base/java.lang.Thread.run(Thread.java:1623)

Jan 05, 2026 1:27:46 PM ai.glog.execute.workers.TriageAndRemediationCallableWorker call
SEVERE: No enum constant ai.glog.plugins.bandit.plugin.BugEnum.python.lang.security.audit.formatted-sql-query.formatted-sql-query
java.lang.IllegalArgumentException: No enum constant ai.glog.plugins.bandit.plugin.BugEnum.python.lang.security.audit.formatted-sql-query.formatted-sql-query
	at java.base/java.lang.Enum.valueOf(Enum.java:274)
	at ai.glog.plugins.bandit.plugin.BugEnum.valueOf(BugEnum.java:6)
	at ai.glog.execute.workers.TriageAndRemediationCallableWorker.getResolver(TriageAndRemediationCallableWorker.java:97)
	at ai.glog.execute.workers.TriageAndRemediationCallableWorker.call(TriageAndRemediationCallableWorker.java:62)
	at ai.glog.execute.workers.TriageAndRemediationCallableWorker.call(TriageAndRemediationCallableWorker.java:32)
	at java.base/java.util.concurrent.FutureTask.run(FutureTask.java:317)
	at java.base/java.util.concurrent.ThreadPoolExecutor.runWorker(ThreadPoolExecutor.java:1144)
	at java.base/java.util.concurrent.ThreadPoolExecutor$Worker.run(ThreadPoolExecutor.java:642)
	at java.base/java.lang.Thread.run(Thread.java:1623)

Jan 05, 2026 1:27:46 PM ai.glog.execute.workers.TriageAndRemediationCallableWorker call
SEVERE: No enum constant ai.glog.plugins.bandit.plugin.BugEnum.python.sqlalchemy.security.sqlalchemy-execute-raw-query.sqlalchemy-execute-raw-query
java.lang.IllegalArgumentException: No enum constant ai.glog.plugins.bandit.plugin.BugEnum.python.sqlalchemy.security.sqlalchemy-execute-raw-query.sqlalchemy-execute-raw-query
	at java.base/java.lang.Enum.valueOf(Enum.java:274)
	at ai.glog.plugins.bandit.plugin.BugEnum.valueOf(BugEnum.java:6)
	at ai.glog.execute.workers.TriageAndRemediationCallableWorker.getResolver(TriageAndRemediationCallableWorker.java:97)
	at ai.glog.execute.workers.TriageAndRemediationCallableWorker.call(TriageAndRemediationCallableWorker.java:62)
	at ai.glog.execute.workers.TriageAndRemediationCallableWorker.call(TriageAndRemediationCallableWorker.java:32)
	at java.base/java.util.concurrent.FutureTask.run(FutureTask.java:317)
	at java.base/java.util.concurrent.ThreadPoolExecutor.runWorker(ThreadPoolExecutor.java:1144)
	at java.base/java.util.concurrent.ThreadPoolExecutor$Worker.run(ThreadPoolExecutor.java:642)
	at java.base/java.lang.Thread.run(Thread.java:1623)

Jan 05, 2026 1:27:46 PM ai.glog.execute.workers.TriageAndRemediationCallableWorker call
SEVERE: No enum constant ai.glog.plugins.bandit.plugin.BugEnum.resources.rules.python.formatted-sql-query
java.lang.IllegalArgumentException: No enum constant ai.glog.plugins.bandit.plugin.BugEnum.resources.rules.python.formatted-sql-query
	at java.base/java.lang.Enum.valueOf(Enum.java:274)
	at ai.glog.plugins.bandit.plugin.BugEnum.valueOf(BugEnum.java:6)
	at ai.glog.execute.workers.TriageAndRemediationCallableWorker.getResolver(TriageAndRemediationCallableWorker.java:97)
	at ai.glog.execute.workers.TriageAndRemediationCallableWorker.call(TriageAndRemediationCallableWorker.java:62)
	at ai.glog.execute.workers.TriageAndRemediationCallableWorker.call(TriageAndRemediationCallableWorker.java:32)
	at java.base/java.util.concurrent.FutureTask.run(FutureTask.java:317)
	at java.base/java.util.concurrent.ThreadPoolExecutor.runWorker(ThreadPoolExecutor.java:1144)
	at java.base/java.util.concurrent.ThreadPoolExecutor$Worker.run(ThreadPoolExecutor.java:642)
	at java.base/java.lang.Thread.run(Thread.java:1623)

Jan 05, 2026 1:27:46 PM ai.glog.execute.workers.TriageAndRemediationCallableWorker call
SEVERE: No enum constant ai.glog.plugins.bandit.plugin.BugEnum.python.django.security.injection.tainted-sql-string.tainted-sql-string
java.lang.IllegalArgumentException: No enum constant ai.glog.plugins.bandit.plugin.BugEnum.python.django.security.injection.tainted-sql-string.tainted-sql-string
	at java.base/java.lang.Enum.valueOf(Enum.java:274)
	at ai.glog.plugins.bandit.plugin.BugEnum.valueOf(BugEnum.java:6)
	at ai.glog.execute.workers.TriageAndRemediationCallableWorker.getResolver(TriageAndRemediationCallableWorker.java:97)
	at ai.glog.execute.workers.TriageAndRemediationCallableWorker.call(TriageAndRemediationCallableWorker.java:62)
	at ai.glog.execute.workers.TriageAndRemediationCallableWorker.call(TriageAndRemediationCallableWorker.java:32)
	at java.base/java.util.concurrent.FutureTask.run(FutureTask.java:317)
	at java.base/java.util.concurrent.ThreadPoolExecutor.runWorker(ThreadPoolExecutor.java:1144)
	at java.base/java.util.concurrent.ThreadPoolExecutor$Worker.run(ThreadPoolExecutor.java:642)
	at java.base/java.lang.Thread.run(Thread.java:1623)

Jan 05, 2026 1:27:46 PM ai.glog.execute.workers.TriageAndRemediationCallableWorker call
SEVERE: No enum constant ai.glog.plugins.bandit.plugin.BugEnum.resources.rules.python.sqlalchemy-execute-raw-query
java.lang.IllegalArgumentException: No enum constant ai.glog.plugins.bandit.plugin.BugEnum.resources.rules.python.sqlalchemy-execute-raw-query
	at java.base/java.lang.Enum.valueOf(Enum.java:274)
	at ai.glog.plugins.bandit.plugin.BugEnum.valueOf(BugEnum.java:6)
	at ai.glog.execute.workers.TriageAndRemediationCallableWorker.getResolver(TriageAndRemediationCallableWorker.java:97)
	at ai.glog.execute.workers.TriageAndRemediationCallableWorker.call(TriageAndRemediationCallableWorker.java:62)
	at ai.glog.execute.workers.TriageAndRemediationCallableWorker.call(TriageAndRemediationCallableWorker.java:32)
	at java.base/java.util.concurrent.FutureTask.run(FutureTask.java:317)
	at java.base/java.util.concurrent.ThreadPoolExecutor.runWorker(ThreadPoolExecutor.java:1144)
	at java.base/java.util.concurrent.ThreadPoolExecutor$Worker.run(ThreadPoolExecutor.java:642)
	at java.base/java.lang.Thread.run(Thread.java:1623)

Jan 05, 2026 1:27:46 PM ai.glog.execute.workers.TriageAndRemediationCallableWorker call
SEVERE: No enum constant ai.glog.plugins.bandit.plugin.BugEnum.resources.rules.python.missing-ratelimit
java.lang.IllegalArgumentException: No enum constant ai.glog.plugins.bandit.plugin.BugEnum.resources.rules.python.missing-ratelimit
	at java.base/java.lang.Enum.valueOf(Enum.java:274)
	at ai.glog.plugins.bandit.plugin.BugEnum.valueOf(BugEnum.java:6)
	at ai.glog.execute.workers.TriageAndRemediationCallableWorker.getResolver(TriageAndRemediationCallableWorker.java:97)
	at ai.glog.execute.workers.TriageAndRemediationCallableWorker.call(TriageAndRemediationCallableWorker.java:62)
	at ai.glog.execute.workers.TriageAndRemediationCallableWorker.call(TriageAndRemediationCallableWorker.java:32)
	at java.base/java.util.concurrent.FutureTask.run(FutureTask.java:317)
	at java.base/java.util.concurrent.ThreadPoolExecutor.runWorker(ThreadPoolExecutor.java:1144)
	at java.base/java.util.concurrent.ThreadPoolExecutor$Worker.run(ThreadPoolExecutor.java:642)
	at java.base/java.lang.Thread.run(Thread.java:1623)

Jan 05, 2026 1:27:46 PM ai.glog.execute.workers.TriageAndRemediationCallableWorker call
SEVERE: No enum constant ai.glog.plugins.bandit.plugin.BugEnum.resources.rules.python.open-never-closed
java.lang.IllegalArgumentException: No enum constant ai.glog.plugins.bandit.plugin.BugEnum.resources.rules.python.open-never-closed
	at java.base/java.lang.Enum.valueOf(Enum.java:274)
	at ai.glog.plugins.bandit.plugin.BugEnum.valueOf(BugEnum.java:6)
	at ai.glog.execute.workers.TriageAndRemediationCallableWorker.getResolver(TriageAndRemediationCallableWorker.java:97)
	at ai.glog.execute.workers.TriageAndRemediationCallableWorker.call(TriageAndRemediationCallableWorker.java:62)
	at ai.glog.execute.workers.TriageAndRemediationCallableWorker.call(TriageAndRemediationCallableWorker.java:32)
	at java.base/java.util.concurrent.FutureTask.run(FutureTask.java:317)
	at java.base/java.util.concurrent.ThreadPoolExecutor.runWorker(ThreadPoolExecutor.java:1144)
	at java.base/java.util.concurrent.ThreadPoolExecutor$Worker.run(ThreadPoolExecutor.java:642)
	at java.base/java.lang.Thread.run(Thread.java:1623)

Jan 05, 2026 1:27:46 PM ai.glog.execute.workers.TriageAndRemediationCallableWorker call
SEVERE: No enum constant ai.glog.plugins.bandit.plugin.BugEnum.python.django.security.audit.xss.direct-use-of-httpresponse.direct-use-of-httpresponse
java.lang.IllegalArgumentException: No enum constant ai.glog.plugins.bandit.plugin.BugEnum.python.django.security.audit.xss.direct-use-of-httpresponse.direct-use-of-httpresponse
	at java.base/java.lang.Enum.valueOf(Enum.java:274)
	at ai.glog.plugins.bandit.plugin.BugEnum.valueOf(BugEnum.java:6)
	at ai.glog.execute.workers.TriageAndRemediationCallableWorker.getResolver(TriageAndRemediationCallableWorker.java:97)
	at ai.glog.execute.workers.TriageAndRemediationCallableWorker.call(TriageAndRemediationCallableWorker.java:62)
	at ai.glog.execute.workers.TriageAndRemediationCallableWorker.call(TriageAndRemediationCallableWorker.java:32)
	at java.base/java.util.concurrent.FutureTask.run(FutureTask.java:317)
	at java.base/java.util.concurrent.ThreadPoolExecutor.runWorker(ThreadPoolExecutor.java:1144)
	at java.base/java.util.concurrent.ThreadPoolExecutor$Worker.run(ThreadPoolExecutor.java:642)
	at java.base/java.lang.Thread.run(Thread.java:1623)

Jan 05, 2026 1:27:46 PM ai.glog.execute.workers.TriageAndRemediationCallableWorker call
SEVERE: No enum constant ai.glog.plugins.bandit.plugin.BugEnum.resources.rules.python.direct-use-of-httpresponse
java.lang.IllegalArgumentException: No enum constant ai.glog.plugins.bandit.plugin.BugEnum.resources.rules.python.direct-use-of-httpresponse
	at java.base/java.lang.Enum.valueOf(Enum.java:274)
	at ai.glog.plugins.bandit.plugin.BugEnum.valueOf(BugEnum.java:6)
	at ai.glog.execute.workers.TriageAndRemediationCallableWorker.getResolver(TriageAndRemediationCallableWorker.java:97)
	at ai.glog.execute.workers.TriageAndRemediationCallableWorker.call(TriageAndRemediationCallableWorker.java:62)
	at ai.glog.execute.workers.TriageAndRemediationCallableWorker.call(TriageAndRemediationCallableWorker.java:32)
	at java.base/java.util.concurrent.FutureTask.run(FutureTask.java:317)
	at java.base/java.util.concurrent.ThreadPoolExecutor.runWorker(ThreadPoolExecutor.java:1144)
	at java.base/java.util.concurrent.ThreadPoolExecutor$Worker.run(ThreadPoolExecutor.java:642)
	at java.base/java.lang.Thread.run(Thread.java:1623)

Jan 05, 2026 1:27:46 PM ai.glog.execute.workers.TriageAndRemediationCallableWorker call
SEVERE: No enum constant ai.glog.plugins.bandit.plugin.BugEnum.resources.rules.python.missing-ratelimit
java.lang.IllegalArgumentException: No enum constant ai.glog.plugins.bandit.plugin.BugEnum.resources.rules.python.missing-ratelimit
	at java.base/java.lang.Enum.valueOf(Enum.java:274)
	at ai.glog.plugins.bandit.plugin.BugEnum.valueOf(BugEnum.java:6)
	at ai.glog.execute.workers.TriageAndRemediationCallableWorker.getResolver(TriageAndRemediationCallableWorker.java:97)
	at ai.glog.execute.workers.TriageAndRemediationCallableWorker.call(TriageAndRemediationCallableWorker.java:62)
	at ai.glog.execute.workers.TriageAndRemediationCallableWorker.call(TriageAndRemediationCallableWorker.java:32)
	at java.base/java.util.concurrent.FutureTask.run(FutureTask.java:317)
	at java.base/java.util.concurrent.ThreadPoolExecutor.runWorker(ThreadPoolExecutor.java:1144)
	at java.base/java.util.concurrent.ThreadPoolExecutor$Worker.run(ThreadPoolExecutor.java:642)
	at java.base/java.lang.Thread.run(Thread.java:1623)

Jan 05, 2026 1:27:46 PM ai.glog.execute.workers.TriageAndRemediationCallableWorker call
SEVERE: No enum constant ai.glog.plugins.bandit.plugin.BugEnum.resources.rules.python.missing-ratelimit
java.lang.IllegalArgumentException: No enum constant ai.glog.plugins.bandit.plugin.BugEnum.resources.rules.python.missing-ratelimit
	at java.base/java.lang.Enum.valueOf(Enum.java:274)
	at ai.glog.plugins.bandit.plugin.BugEnum.valueOf(BugEnum.java:6)
	at ai.glog.execute.workers.TriageAndRemediationCallableWorker.getResolver(TriageAndRemediationCallableWorker.java:97)
	at ai.glog.execute.workers.TriageAndRemediationCallableWorker.call(TriageAndRemediationCallableWorker.java:62)
	at ai.glog.execute.workers.TriageAndRemediationCallableWorker.call(TriageAndRemediationCallableWorker.java:32)
	at java.base/java.util.concurrent.FutureTask.run(FutureTask.java:317)
	at java.base/java.util.concurrent.ThreadPoolExecutor.runWorker(ThreadPoolExecutor.java:1144)
	at java.base/java.util.concurrent.ThreadPoolExecutor$Worker.run(ThreadPoolExecutor.java:642)
	at java.base/java.lang.Thread.run(Thread.java:1623)

Jan 05, 2026 1:27:46 PM ai.glog.execute.workers.TriageAndRemediationCallableWorker call
SEVERE: No enum constant ai.glog.plugins.bandit.plugin.BugEnum.resources.rules.python.missing-ratelimit
java.lang.IllegalArgumentException: No enum constant ai.glog.plugins.bandit.plugin.BugEnum.resources.rules.python.missing-ratelimit
	at java.base/java.lang.Enum.valueOf(Enum.java:274)
	at ai.glog.plugins.bandit.plugin.BugEnum.valueOf(BugEnum.java:6)
	at ai.glog.execute.workers.TriageAndRemediationCallableWorker.getResolver(TriageAndRemediationCallableWorker.java:97)
	at ai.glog.execute.workers.TriageAndRemediationCallableWorker.call(TriageAndRemediationCallableWorker.java:62)
	at ai.glog.execute.workers.TriageAndRemediationCallableWorker.call(TriageAndRemediationCallableWorker.java:32)
	at java.base/java.util.concurrent.FutureTask.run(FutureTask.java:317)
	at java.base/java.util.concurrent.ThreadPoolExecutor.runWorker(ThreadPoolExecutor.java:1144)
	at java.base/java.util.concurrent.ThreadPoolExecutor$Worker.run(ThreadPoolExecutor.java:642)
	at java.base/java.lang.Thread.run(Thread.java:1623)

Jan 05, 2026 1:27:46 PM ai.glog.execute.workers.TriageAndRemediationCallableWorker call
SEVERE: No enum constant ai.glog.plugins.bandit.plugin.BugEnum.resources.rules.python.missing-ratelimit
java.lang.IllegalArgumentException: No enum constant ai.glog.plugins.bandit.plugin.BugEnum.resources.rules.python.missing-ratelimit
	at java.base/java.lang.Enum.valueOf(Enum.java:274)
	at ai.glog.plugins.bandit.plugin.BugEnum.valueOf(BugEnum.java:6)
	at ai.glog.execute.workers.TriageAndRemediationCallableWorker.getResolver(TriageAndRemediationCallableWorker.java:97)
	at ai.glog.execute.workers.TriageAndRemediationCallableWorker.call(TriageAndRemediationCallableWorker.java:62)
	at ai.glog.execute.workers.TriageAndRemediationCallableWorker.call(TriageAndRemediationCallableWorker.java:32)
	at java.base/java.util.concurrent.FutureTask.run(FutureTask.java:317)
	at java.base/java.util.concurrent.ThreadPoolExecutor.runWorker(ThreadPoolExecutor.java:1144)
	at java.base/java.util.concurrent.ThreadPoolExecutor$Worker.run(ThreadPoolExecutor.java:642)
	at java.base/java.lang.Thread.run(Thread.java:1623)

Jan 05, 2026 1:27:46 PM ai.glog.execute.workers.TriageAndRemediationCallableWorker call
SEVERE: No enum constant ai.glog.plugins.bandit.plugin.BugEnum.resources.rules.python.missing-ratelimit
java.lang.IllegalArgumentException: No enum constant ai.glog.plugins.bandit.plugin.BugEnum.resources.rules.python.missing-ratelimit
	at java.base/java.lang.Enum.valueOf(Enum.java:274)
	at ai.glog.plugins.bandit.plugin.BugEnum.valueOf(BugEnum.java:6)
	at ai.glog.execute.workers.TriageAndRemediationCallableWorker.getResolver(TriageAndRemediationCallableWorker.java:97)
	at ai.glog.execute.workers.TriageAndRemediationCallableWorker.call(TriageAndRemediationCallableWorker.java:62)
	at ai.glog.execute.workers.TriageAndRemediationCallableWorker.call(TriageAndRemediationCallableWorker.java:32)
	at java.base/java.util.concurrent.FutureTask.run(FutureTask.java:317)
	at java.base/java.util.concurrent.ThreadPoolExecutor.runWorker(ThreadPoolExecutor.java:1144)
	at java.base/java.util.concurrent.ThreadPoolExecutor$Worker.run(ThreadPoolExecutor.java:642)
	at java.base/java.lang.Thread.run(Thread.java:1623)

Jan 05, 2026 1:27:46 PM ai.glog.execute.workers.TriageAndRemediationCallableWorker call
SEVERE: No enum constant ai.glog.plugins.bandit.plugin.BugEnum.resources.rules.python.access-foreign-keys
java.lang.IllegalArgumentException: No enum constant ai.glog.plugins.bandit.plugin.BugEnum.resources.rules.python.access-foreign-keys
	at java.base/java.lang.Enum.valueOf(Enum.java:274)
	at ai.glog.plugins.bandit.plugin.BugEnum.valueOf(BugEnum.java:6)
	at ai.glog.execute.workers.TriageAndRemediationCallableWorker.getResolver(TriageAndRemediationCallableWorker.java:97)
	at ai.glog.execute.workers.TriageAndRemediationCallableWorker.call(TriageAndRemediationCallableWorker.java:62)
	at ai.glog.execute.workers.TriageAndRemediationCallableWorker.call(TriageAndRemediationCallableWorker.java:32)
	at java.base/java.util.concurrent.FutureTask.run(FutureTask.java:317)
	at java.base/java.util.concurrent.ThreadPoolExecutor.runWorker(ThreadPoolExecutor.java:1144)
	at java.base/java.util.concurrent.ThreadPoolExecutor$Worker.run(ThreadPoolExecutor.java:642)
	at java.base/java.lang.Thread.run(Thread.java:1623)

Jan 05, 2026 1:27:46 PM ai.glog.execute.workers.TriageAndRemediationCallableWorker call
SEVERE: No enum constant ai.glog.plugins.bandit.plugin.BugEnum.resources.rules.python.missing-ratelimit
java.lang.IllegalArgumentException: No enum constant ai.glog.plugins.bandit.plugin.BugEnum.resources.rules.python.missing-ratelimit
	at java.base/java.lang.Enum.valueOf(Enum.java:274)
	at ai.glog.plugins.bandit.plugin.BugEnum.valueOf(BugEnum.java:6)
	at ai.glog.execute.workers.TriageAndRemediationCallableWorker.getResolver(TriageAndRemediationCallableWorker.java:97)
	at ai.glog.execute.workers.TriageAndRemediationCallableWorker.call(TriageAndRemediationCallableWorker.java:62)
	at ai.glog.execute.workers.TriageAndRemediationCallableWorker.call(TriageAndRemediationCallableWorker.java:32)
	at java.base/java.util.concurrent.FutureTask.run(FutureTask.java:317)
	at java.base/java.util.concurrent.ThreadPoolExecutor.runWorker(ThreadPoolExecutor.java:1144)
	at java.base/java.util.concurrent.ThreadPoolExecutor$Worker.run(ThreadPoolExecutor.java:642)
	at java.base/java.lang.Thread.run(Thread.java:1623)

Jan 05, 2026 1:27:46 PM ai.glog.execute.workers.TriageAndRemediationCallableWorker call
SEVERE: No enum constant ai.glog.plugins.bandit.plugin.BugEnum.resources.rules.python.missing-ratelimit
java.lang.IllegalArgumentException: No enum constant ai.glog.plugins.bandit.plugin.BugEnum.resources.rules.python.missing-ratelimit
	at java.base/java.lang.Enum.valueOf(Enum.java:274)
	at ai.glog.plugins.bandit.plugin.BugEnum.valueOf(BugEnum.java:6)
	at ai.glog.execute.workers.TriageAndRemediationCallableWorker.getResolver(TriageAndRemediationCallableWorker.java:97)
	at ai.glog.execute.workers.TriageAndRemediationCallableWorker.call(TriageAndRemediationCallableWorker.java:62)
	at ai.glog.execute.workers.TriageAndRemediationCallableWorker.call(TriageAndRemediationCallableWorker.java:32)
	at java.base/java.util.concurrent.FutureTask.run(FutureTask.java:317)
	at java.base/java.util.concurrent.ThreadPoolExecutor.runWorker(ThreadPoolExecutor.java:1144)
	at java.base/java.util.concurrent.ThreadPoolExecutor$Worker.run(ThreadPoolExecutor.java:642)
	at java.base/java.lang.Thread.run(Thread.java:1623)

Jan 05, 2026 1:27:46 PM ai.glog.execute.workers.TriageAndRemediationCallableWorker call
SEVERE: No enum constant ai.glog.plugins.bandit.plugin.BugEnum.resources.rules.python.missing-ratelimit
java.lang.IllegalArgumentException: No enum constant ai.glog.plugins.bandit.plugin.BugEnum.resources.rules.python.missing-ratelimit
	at java.base/java.lang.Enum.valueOf(Enum.java:274)
	at ai.glog.plugins.bandit.plugin.BugEnum.valueOf(BugEnum.java:6)
	at ai.glog.execute.workers.TriageAndRemediationCallableWorker.getResolver(TriageAndRemediationCallableWorker.java:97)
	at ai.glog.execute.workers.TriageAndRemediationCallableWorker.call(TriageAndRemediationCallableWorker.java:62)
	at ai.glog.execute.workers.TriageAndRemediationCallableWorker.call(TriageAndRemediationCallableWorker.java:32)
	at java.base/java.util.concurrent.FutureTask.run(FutureTask.java:317)
	at java.base/java.util.concurrent.ThreadPoolExecutor.runWorker(ThreadPoolExecutor.java:1144)
	at java.base/java.util.concurrent.ThreadPoolExecutor$Worker.run(ThreadPoolExecutor.java:642)
	at java.base/java.lang.Thread.run(Thread.java:1623)

Jan 05, 2026 1:27:46 PM ai.glog.execute.workers.TriageAndRemediationCallableWorker call
SEVERE: No enum constant ai.glog.plugins.bandit.plugin.BugEnum.resources.rules.python.missing-ratelimit
java.lang.IllegalArgumentException: No enum constant ai.glog.plugins.bandit.plugin.BugEnum.resources.rules.python.missing-ratelimit
	at java.base/java.lang.Enum.valueOf(Enum.java:274)
	at ai.glog.plugins.bandit.plugin.BugEnum.valueOf(BugEnum.java:6)
	at ai.glog.execute.workers.TriageAndRemediationCallableWorker.getResolver(TriageAndRemediationCallableWorker.java:97)
	at ai.glog.execute.workers.TriageAndRemediationCallableWorker.call(TriageAndRemediationCallableWorker.java:62)
	at ai.glog.execute.workers.TriageAndRemediationCallableWorker.call(TriageAndRemediationCallableWorker.java:32)
	at java.base/java.util.concurrent.FutureTask.run(FutureTask.java:317)
	at java.base/java.util.concurrent.ThreadPoolExecutor.runWorker(ThreadPoolExecutor.java:1144)
	at java.base/java.util.concurrent.ThreadPoolExecutor$Worker.run(ThreadPoolExecutor.java:642)
	at java.base/java.lang.Thread.run(Thread.java:1623)

Jan 05, 2026 1:27:46 PM ai.glog.execute.workers.TriageAndRemediationCallableWorker call
SEVERE: No enum constant ai.glog.plugins.bandit.plugin.BugEnum.python.django.security.injection.open-redirect.open-redirect
java.lang.IllegalArgumentException: No enum constant ai.glog.plugins.bandit.plugin.BugEnum.python.django.security.injection.open-redirect.open-redirect
	at java.base/java.lang.Enum.valueOf(Enum.java:274)
	at ai.glog.plugins.bandit.plugin.BugEnum.valueOf(BugEnum.java:6)
	at ai.glog.execute.workers.TriageAndRemediationCallableWorker.getResolver(TriageAndRemediationCallableWorker.java:97)
	at ai.glog.execute.workers.TriageAndRemediationCallableWorker.call(TriageAndRemediationCallableWorker.java:62)
	at ai.glog.execute.workers.TriageAndRemediationCallableWorker.call(TriageAndRemediationCallableWorker.java:32)
	at java.base/java.util.concurrent.FutureTask.run(FutureTask.java:317)
	at java.base/java.util.concurrent.ThreadPoolExecutor.runWorker(ThreadPoolExecutor.java:1144)
	at java.base/java.util.concurrent.ThreadPoolExecutor$Worker.run(ThreadPoolExecutor.java:642)
	at java.base/java.lang.Thread.run(Thread.java:1623)

Jan 05, 2026 1:27:46 PM ai.glog.execute.workers.TriageAndRemediationCallableWorker call
SEVERE: No enum constant ai.glog.plugins.bandit.plugin.BugEnum.python.django.security.injection.open-redirect.open-redirect
java.lang.IllegalArgumentException: No enum constant ai.glog.plugins.bandit.plugin.BugEnum.python.django.security.injection.open-redirect.open-redirect
	at java.base/java.lang.Enum.valueOf(Enum.java:274)
	at ai.glog.plugins.bandit.plugin.BugEnum.valueOf(BugEnum.java:6)
	at ai.glog.execute.workers.TriageAndRemediationCallableWorker.getResolver(TriageAndRemediationCallableWorker.java:97)
	at ai.glog.execute.workers.TriageAndRemediationCallableWorker.call(TriageAndRemediationCallableWorker.java:62)
	at ai.glog.execute.workers.TriageAndRemediationCallableWorker.call(TriageAndRemediationCallableWorker.java:32)
	at java.base/java.util.concurrent.FutureTask.run(FutureTask.java:317)
	at java.base/java.util.concurrent.ThreadPoolExecutor.runWorker(ThreadPoolExecutor.java:1144)
	at java.base/java.util.concurrent.ThreadPoolExecutor$Worker.run(ThreadPoolExecutor.java:642)
	at java.base/java.lang.Thread.run(Thread.java:1623)

Jan 05, 2026 1:27:46 PM ai.glog.execute.workers.TriageAndRemediationCallableWorker call
SEVERE: No enum constant ai.glog.plugins.bandit.plugin.BugEnum.resources.rules.python.missing-ratelimit
java.lang.IllegalArgumentException: No enum constant ai.glog.plugins.bandit.plugin.BugEnum.resources.rules.python.missing-ratelimit
	at java.base/java.lang.Enum.valueOf(Enum.java:274)
	at ai.glog.plugins.bandit.plugin.BugEnum.valueOf(BugEnum.java:6)
	at ai.glog.execute.workers.TriageAndRemediationCallableWorker.getResolver(TriageAndRemediationCallableWorker.java:97)
	at ai.glog.execute.workers.TriageAndRemediationCallableWorker.call(TriageAndRemediationCallableWorker.java:62)
	at ai.glog.execute.workers.TriageAndRemediationCallableWorker.call(TriageAndRemediationCallableWorker.java:32)
	at java.base/java.util.concurrent.FutureTask.run(FutureTask.java:317)
	at java.base/java.util.concurrent.ThreadPoolExecutor.runWorker(ThreadPoolExecutor.java:1144)
	at java.base/java.util.concurrent.ThreadPoolExecutor$Worker.run(ThreadPoolExecutor.java:642)
	at java.base/java.lang.Thread.run(Thread.java:1623)

Jan 05, 2026 1:27:46 PM ai.glog.execute.workers.TriageAndRemediationCallableWorker call
SEVERE: No enum constant ai.glog.plugins.bandit.plugin.BugEnum.resources.rules.python.missing-ratelimit
java.lang.IllegalArgumentException: No enum constant ai.glog.plugins.bandit.plugin.BugEnum.resources.rules.python.missing-ratelimit
	at java.base/java.lang.Enum.valueOf(Enum.java:274)
	at ai.glog.plugins.bandit.plugin.BugEnum.valueOf(BugEnum.java:6)
	at ai.glog.execute.workers.TriageAndRemediationCallableWorker.getResolver(TriageAndRemediationCallableWorker.java:97)
	at ai.glog.execute.workers.TriageAndRemediationCallableWorker.call(TriageAndRemediationCallableWorker.java:62)
	at ai.glog.execute.workers.TriageAndRemediationCallableWorker.call(TriageAndRemediationCallableWorker.java:32)
	at java.base/java.util.concurrent.FutureTask.run(FutureTask.java:317)
	at java.base/java.util.concurrent.ThreadPoolExecutor.runWorker(ThreadPoolExecutor.java:1144)
	at java.base/java.util.concurrent.ThreadPoolExecutor$Worker.run(ThreadPoolExecutor.java:642)
	at java.base/java.lang.Thread.run(Thread.java:1623)

Jan 05, 2026 1:27:46 PM ai.glog.execute.workers.TriageAndRemediationCallableWorker call
SEVERE: No enum constant ai.glog.plugins.bandit.plugin.BugEnum.python.django.security.audit.unvalidated-password.unvalidated-password
java.lang.IllegalArgumentException: No enum constant ai.glog.plugins.bandit.plugin.BugEnum.python.django.security.audit.unvalidated-password.unvalidated-password
	at java.base/java.lang.Enum.valueOf(Enum.java:274)
	at ai.glog.plugins.bandit.plugin.BugEnum.valueOf(BugEnum.java:6)
	at ai.glog.execute.workers.TriageAndRemediationCallableWorker.getResolver(TriageAndRemediationCallableWorker.java:97)
	at ai.glog.execute.workers.TriageAndRemediationCallableWorker.call(TriageAndRemediationCallableWorker.java:62)
	at ai.glog.execute.workers.TriageAndRemediationCallableWorker.call(TriageAndRemediationCallableWorker.java:32)
	at java.base/java.util.concurrent.FutureTask.run(FutureTask.java:317)
	at java.base/java.util.concurrent.ThreadPoolExecutor.runWorker(ThreadPoolExecutor.java:1144)
	at java.base/java.util.concurrent.ThreadPoolExecutor$Worker.run(ThreadPoolExecutor.java:642)
	at java.base/java.lang.Thread.run(Thread.java:1623)

Jan 05, 2026 1:27:46 PM ai.glog.execute.workers.TriageAndRemediationCallableWorker call
SEVERE: No enum constant ai.glog.plugins.bandit.plugin.BugEnum.resources.rules.python.unvalidated-password
java.lang.IllegalArgumentException: No enum constant ai.glog.plugins.bandit.plugin.BugEnum.resources.rules.python.unvalidated-password
	at java.base/java.lang.Enum.valueOf(Enum.java:274)
	at ai.glog.plugins.bandit.plugin.BugEnum.valueOf(BugEnum.java:6)
	at ai.glog.execute.workers.TriageAndRemediationCallableWorker.getResolver(TriageAndRemediationCallableWorker.java:97)
	at ai.glog.execute.workers.TriageAndRemediationCallableWorker.call(TriageAndRemediationCallableWorker.java:62)
	at ai.glog.execute.workers.TriageAndRemediationCallableWorker.call(TriageAndRemediationCallableWorker.java:32)
	at java.base/java.util.concurrent.FutureTask.run(FutureTask.java:317)
	at java.base/java.util.concurrent.ThreadPoolExecutor.runWorker(ThreadPoolExecutor.java:1144)
	at java.base/java.util.concurrent.ThreadPoolExecutor$Worker.run(ThreadPoolExecutor.java:642)
	at java.base/java.lang.Thread.run(Thread.java:1623)

Jan 05, 2026 1:27:46 PM ai.glog.execute.workers.TriageAndRemediationCallableWorker call
SEVERE: No enum constant ai.glog.plugins.bandit.plugin.BugEnum.resources.rules.python.missing-ratelimit
java.lang.IllegalArgumentException: No enum constant ai.glog.plugins.bandit.plugin.BugEnum.resources.rules.python.missing-ratelimit
	at java.base/java.lang.Enum.valueOf(Enum.java:274)
	at ai.glog.plugins.bandit.plugin.BugEnum.valueOf(BugEnum.java:6)
	at ai.glog.execute.workers.TriageAndRemediationCallableWorker.getResolver(TriageAndRemediationCallableWorker.java:97)
	at ai.glog.execute.workers.TriageAndRemediationCallableWorker.call(TriageAndRemediationCallableWorker.java:62)
	at ai.glog.execute.workers.TriageAndRemediationCallableWorker.call(TriageAndRemediationCallableWorker.java:32)
	at java.base/java.util.concurrent.FutureTask.run(FutureTask.java:317)
	at java.base/java.util.concurrent.ThreadPoolExecutor.runWorker(ThreadPoolExecutor.java:1144)
	at java.base/java.util.concurrent.ThreadPoolExecutor$Worker.run(ThreadPoolExecutor.java:642)
	at java.base/java.lang.Thread.run(Thread.java:1623)

Jan 05, 2026 1:27:46 PM ai.glog.execute.workers.TriageAndRemediationCallableWorker call
SEVERE: No enum constant ai.glog.plugins.bandit.plugin.BugEnum.resources.rules.python.missing-ratelimit
java.lang.IllegalArgumentException: No enum constant ai.glog.plugins.bandit.plugin.BugEnum.resources.rules.python.missing-ratelimit
	at java.base/java.lang.Enum.valueOf(Enum.java:274)
	at ai.glog.plugins.bandit.plugin.BugEnum.valueOf(BugEnum.java:6)
	at ai.glog.execute.workers.TriageAndRemediationCallableWorker.getResolver(TriageAndRemediationCallableWorker.java:97)
	at ai.glog.execute.workers.TriageAndRemediationCallableWorker.call(TriageAndRemediationCallableWorker.java:62)
	at ai.glog.execute.workers.TriageAndRemediationCallableWorker.call(TriageAndRemediationCallableWorker.java:32)
	at java.base/java.util.concurrent.FutureTask.run(FutureTask.java:317)
	at java.base/java.util.concurrent.ThreadPoolExecutor.runWorker(ThreadPoolExecutor.java:1144)
	at java.base/java.util.concurrent.ThreadPoolExecutor$Worker.run(ThreadPoolExecutor.java:642)
	at java.base/java.lang.Thread.run(Thread.java:1623)

Jan 05, 2026 1:27:46 PM ai.glog.execute.workers.TriageAndRemediationCallableWorker call
SEVERE: No enum constant ai.glog.plugins.bandit.plugin.BugEnum.resources.rules.python.access-foreign-keys
java.lang.IllegalArgumentException: No enum constant ai.glog.plugins.bandit.plugin.BugEnum.resources.rules.python.access-foreign-keys
	at java.base/java.lang.Enum.valueOf(Enum.java:274)
	at ai.glog.plugins.bandit.plugin.BugEnum.valueOf(BugEnum.java:6)
	at ai.glog.execute.workers.TriageAndRemediationCallableWorker.getResolver(TriageAndRemediationCallableWorker.java:97)
	at ai.glog.execute.workers.TriageAndRemediationCallableWorker.call(TriageAndRemediationCallableWorker.java:62)
	at ai.glog.execute.workers.TriageAndRemediationCallableWorker.call(TriageAndRemediationCallableWorker.java:32)
	at java.base/java.util.concurrent.FutureTask.run(FutureTask.java:317)
	at java.base/java.util.concurrent.ThreadPoolExecutor.runWorker(ThreadPoolExecutor.java:1144)
	at java.base/java.util.concurrent.ThreadPoolExecutor$Worker.run(ThreadPoolExecutor.java:642)
	at java.base/java.lang.Thread.run(Thread.java:1623)

Jan 05, 2026 1:27:46 PM ai.glog.execute.workers.TriageAndRemediationCallableWorker call
SEVERE: No enum constant ai.glog.plugins.bandit.plugin.BugEnum.resources.rules.python.missing-ratelimit
java.lang.IllegalArgumentException: No enum constant ai.glog.plugins.bandit.plugin.BugEnum.resources.rules.python.missing-ratelimit
	at java.base/java.lang.Enum.valueOf(Enum.java:274)
	at ai.glog.plugins.bandit.plugin.BugEnum.valueOf(BugEnum.java:6)
	at ai.glog.execute.workers.TriageAndRemediationCallableWorker.getResolver(TriageAndRemediationCallableWorker.java:97)
	at ai.glog.execute.workers.TriageAndRemediationCallableWorker.call(TriageAndRemediationCallableWorker.java:62)
	at ai.glog.execute.workers.TriageAndRemediationCallableWorker.call(TriageAndRemediationCallableWorker.java:32)
	at java.base/java.util.concurrent.FutureTask.run(FutureTask.java:317)
	at java.base/java.util.concurrent.ThreadPoolExecutor.runWorker(ThreadPoolExecutor.java:1144)
	at java.base/java.util.concurrent.ThreadPoolExecutor$Worker.run(ThreadPoolExecutor.java:642)
	at java.base/java.lang.Thread.run(Thread.java:1623)

Jan 05, 2026 1:27:46 PM ai.glog.execute.workers.TriageAndRemediationCallableWorker call
SEVERE: No enum constant ai.glog.plugins.bandit.plugin.BugEnum.resources.rules.python.access-foreign-keys
java.lang.IllegalArgumentException: No enum constant ai.glog.plugins.bandit.plugin.BugEnum.resources.rules.python.access-foreign-keys
	at java.base/java.lang.Enum.valueOf(Enum.java:274)
	at ai.glog.plugins.bandit.plugin.BugEnum.valueOf(BugEnum.java:6)
	at ai.glog.execute.workers.TriageAndRemediationCallableWorker.getResolver(TriageAndRemediationCallableWorker.java:97)
	at ai.glog.execute.workers.TriageAndRemediationCallableWorker.call(TriageAndRemediationCallableWorker.java:62)
	at ai.glog.execute.workers.TriageAndRemediationCallableWorker.call(TriageAndRemediationCallableWorker.java:32)
	at java.base/java.util.concurrent.FutureTask.run(FutureTask.java:317)
	at java.base/java.util.concurrent.ThreadPoolExecutor.runWorker(ThreadPoolExecutor.java:1144)
	at java.base/java.util.concurrent.ThreadPoolExecutor$Worker.run(ThreadPoolExecutor.java:642)
	at java.base/java.lang.Thread.run(Thread.java:1623)

Jan 05, 2026 1:27:46 PM ai.glog.execute.workers.TriageAndRemediationCallableWorker call
SEVERE: No enum constant ai.glog.plugins.bandit.plugin.BugEnum.resources.rules.python.missing-ratelimit
java.lang.IllegalArgumentException: No enum constant ai.glog.plugins.bandit.plugin.BugEnum.resources.rules.python.missing-ratelimit
	at java.base/java.lang.Enum.valueOf(Enum.java:274)
	at ai.glog.plugins.bandit.plugin.BugEnum.valueOf(BugEnum.java:6)
	at ai.glog.execute.workers.TriageAndRemediationCallableWorker.getResolver(TriageAndRemediationCallableWorker.java:97)
	at ai.glog.execute.workers.TriageAndRemediationCallableWorker.call(TriageAndRemediationCallableWorker.java:62)
	at ai.glog.execute.workers.TriageAndRemediationCallableWorker.call(TriageAndRemediationCallableWorker.java:32)
	at java.base/java.util.concurrent.FutureTask.run(FutureTask.java:317)
	at java.base/java.util.concurrent.ThreadPoolExecutor.runWorker(ThreadPoolExecutor.java:1144)
	at java.base/java.util.concurrent.ThreadPoolExecutor$Worker.run(ThreadPoolExecutor.java:642)
	at java.base/java.lang.Thread.run(Thread.java:1623)

Jan 05, 2026 1:27:46 PM ai.glog.execute.workers.TriageAndRemediationCallableWorker call
SEVERE: No enum constant ai.glog.plugins.bandit.plugin.BugEnum.resources.rules.python.missing-ratelimit
java.lang.IllegalArgumentException: No enum constant ai.glog.plugins.bandit.plugin.BugEnum.resources.rules.python.missing-ratelimit
	at java.base/java.lang.Enum.valueOf(Enum.java:274)
	at ai.glog.plugins.bandit.plugin.BugEnum.valueOf(BugEnum.java:6)
	at ai.glog.execute.workers.TriageAndRemediationCallableWorker.getResolver(TriageAndRemediationCallableWorker.java:97)
	at ai.glog.execute.workers.TriageAndRemediationCallableWorker.call(TriageAndRemediationCallableWorker.java:62)
	at ai.glog.execute.workers.TriageAndRemediationCallableWorker.call(TriageAndRemediationCallableWorker.java:32)
	at java.base/java.util.concurrent.FutureTask.run(FutureTask.java:317)
	at java.base/java.util.concurrent.ThreadPoolExecutor.runWorker(ThreadPoolExecutor.java:1144)
	at java.base/java.util.concurrent.ThreadPoolExecutor$Worker.run(ThreadPoolExecutor.java:642)
	at java.base/java.lang.Thread.run(Thread.java:1623)

Jan 05, 2026 1:27:46 PM ai.glog.execute.workers.TriageAndRemediationCallableWorker call
SEVERE: No enum constant ai.glog.plugins.bandit.plugin.BugEnum.resources.rules.python.missing-ratelimit
java.lang.IllegalArgumentException: No enum constant ai.glog.plugins.bandit.plugin.BugEnum.resources.rules.python.missing-ratelimit
	at java.base/java.lang.Enum.valueOf(Enum.java:274)
	at ai.glog.plugins.bandit.plugin.BugEnum.valueOf(BugEnum.java:6)
	at ai.glog.execute.workers.TriageAndRemediationCallableWorker.getResolver(TriageAndRemediationCallableWorker.java:97)
	at ai.glog.execute.workers.TriageAndRemediationCallableWorker.call(TriageAndRemediationCallableWorker.java:62)
	at ai.glog.execute.workers.TriageAndRemediationCallableWorker.call(TriageAndRemediationCallableWorker.java:32)
	at java.base/java.util.concurrent.FutureTask.run(FutureTask.java:317)
	at java.base/java.util.concurrent.ThreadPoolExecutor.runWorker(ThreadPoolExecutor.java:1144)
	at java.base/java.util.concurrent.ThreadPoolExecutor$Worker.run(ThreadPoolExecutor.java:642)
	at java.base/java.lang.Thread.run(Thread.java:1623)

Jan 05, 2026 1:27:46 PM ai.glog.execute.workers.TriageAndRemediationCallableWorker call
SEVERE: No enum constant ai.glog.plugins.bandit.plugin.BugEnum.resources.rules.python.missing-ratelimit
java.lang.IllegalArgumentException: No enum constant ai.glog.plugins.bandit.plugin.BugEnum.resources.rules.python.missing-ratelimit
	at java.base/java.lang.Enum.valueOf(Enum.java:274)
	at ai.glog.plugins.bandit.plugin.BugEnum.valueOf(BugEnum.java:6)
	at ai.glog.execute.workers.TriageAndRemediationCallableWorker.getResolver(TriageAndRemediationCallableWorker.java:97)
	at ai.glog.execute.workers.TriageAndRemediationCallableWorker.call(TriageAndRemediationCallableWorker.java:62)
	at ai.glog.execute.workers.TriageAndRemediationCallableWorker.call(TriageAndRemediationCallableWorker.java:32)
	at java.base/java.util.concurrent.FutureTask.run(FutureTask.java:317)
	at java.base/java.util.concurrent.ThreadPoolExecutor.runWorker(ThreadPoolExecutor.java:1144)
	at java.base/java.util.concurrent.ThreadPoolExecutor$Worker.run(ThreadPoolExecutor.java:642)
	at java.base/java.lang.Thread.run(Thread.java:1623)

Jan 05, 2026 1:27:46 PM ai.glog.execute.workers.TriageAndRemediationCallableWorker call
SEVERE: No enum constant ai.glog.plugins.bandit.plugin.BugEnum.resources.rules.python.missing-ratelimit
java.lang.IllegalArgumentException: No enum constant ai.glog.plugins.bandit.plugin.BugEnum.resources.rules.python.missing-ratelimit
	at java.base/java.lang.Enum.valueOf(Enum.java:274)
	at ai.glog.plugins.bandit.plugin.BugEnum.valueOf(BugEnum.java:6)
	at ai.glog.execute.workers.TriageAndRemediationCallableWorker.getResolver(TriageAndRemediationCallableWorker.java:97)
	at ai.glog.execute.workers.TriageAndRemediationCallableWorker.call(TriageAndRemediationCallableWorker.java:62)
	at ai.glog.execute.workers.TriageAndRemediationCallableWorker.call(TriageAndRemediationCallableWorker.java:32)
	at java.base/java.util.concurrent.FutureTask.run(FutureTask.java:317)
	at java.base/java.util.concurrent.ThreadPoolExecutor.runWorker(ThreadPoolExecutor.java:1144)
	at java.base/java.util.concurrent.ThreadPoolExecutor$Worker.run(ThreadPoolExecutor.java:642)
	at java.base/java.lang.Thread.run(Thread.java:1623)

Jan 05, 2026 1:27:46 PM ai.glog.execute.workers.TriageAndRemediationCallableWorker call
SEVERE: No enum constant ai.glog.plugins.bandit.plugin.BugEnum.resources.rules.python.access-foreign-keys
java.lang.IllegalArgumentException: No enum constant ai.glog.plugins.bandit.plugin.BugEnum.resources.rules.python.access-foreign-keys
	at java.base/java.lang.Enum.valueOf(Enum.java:274)
	at ai.glog.plugins.bandit.plugin.BugEnum.valueOf(BugEnum.java:6)
	at ai.glog.execute.workers.TriageAndRemediationCallableWorker.getResolver(TriageAndRemediationCallableWorker.java:97)
	at ai.glog.execute.workers.TriageAndRemediationCallableWorker.call(TriageAndRemediationCallableWorker.java:62)
	at ai.glog.execute.workers.TriageAndRemediationCallableWorker.call(TriageAndRemediationCallableWorker.java:32)
	at java.base/java.util.concurrent.FutureTask.run(FutureTask.java:317)
	at java.base/java.util.concurrent.ThreadPoolExecutor.runWorker(ThreadPoolExecutor.java:1144)
	at java.base/java.util.concurrent.ThreadPoolExecutor$Worker.run(ThreadPoolExecutor.java:642)
	at java.base/java.lang.Thread.run(Thread.java:1623)

Jan 05, 2026 1:27:46 PM ai.glog.execute.workers.TriageAndRemediationCallableWorker call
SEVERE: No enum constant ai.glog.plugins.bandit.plugin.BugEnum.resources.rules.python.access-foreign-keys
java.lang.IllegalArgumentException: No enum constant ai.glog.plugins.bandit.plugin.BugEnum.resources.rules.python.access-foreign-keys
	at java.base/java.lang.Enum.valueOf(Enum.java:274)
	at ai.glog.plugins.bandit.plugin.BugEnum.valueOf(BugEnum.java:6)
	at ai.glog.execute.workers.TriageAndRemediationCallableWorker.getResolver(TriageAndRemediationCallableWorker.java:97)
	at ai.glog.execute.workers.TriageAndRemediationCallableWorker.call(TriageAndRemediationCallableWorker.java:62)
	at ai.glog.execute.workers.TriageAndRemediationCallableWorker.call(TriageAndRemediationCallableWorker.java:32)
	at java.base/java.util.concurrent.FutureTask.run(FutureTask.java:317)
	at java.base/java.util.concurrent.ThreadPoolExecutor.runWorker(ThreadPoolExecutor.java:1144)
	at java.base/java.util.concurrent.ThreadPoolExecutor$Worker.run(ThreadPoolExecutor.java:642)
	at java.base/java.lang.Thread.run(Thread.java:1623)

Jan 05, 2026 1:27:46 PM ai.glog.execute.workers.TriageAndRemediationCallableWorker call
SEVERE: No enum constant ai.glog.plugins.bandit.plugin.BugEnum.resources.rules.python.missing-ratelimit
java.lang.IllegalArgumentException: No enum constant ai.glog.plugins.bandit.plugin.BugEnum.resources.rules.python.missing-ratelimit
	at java.base/java.lang.Enum.valueOf(Enum.java:274)
	at ai.glog.plugins.bandit.plugin.BugEnum.valueOf(BugEnum.java:6)
	at ai.glog.execute.workers.TriageAndRemediationCallableWorker.getResolver(TriageAndRemediationCallableWorker.java:97)
	at ai.glog.execute.workers.TriageAndRemediationCallableWorker.call(TriageAndRemediationCallableWorker.java:62)
	at ai.glog.execute.workers.TriageAndRemediationCallableWorker.call(TriageAndRemediationCallableWorker.java:32)
	at java.base/java.util.concurrent.FutureTask.run(FutureTask.java:317)
	at java.base/java.util.concurrent.ThreadPoolExecutor.runWorker(ThreadPoolExecutor.java:1144)
	at java.base/java.util.concurrent.ThreadPoolExecutor$Worker.run(ThreadPoolExecutor.java:642)
	at java.base/java.lang.Thread.run(Thread.java:1623)

Jan 05, 2026 1:27:46 PM ai.glog.execute.workers.TriageAndRemediationCallableWorker call
SEVERE: No enum constant ai.glog.plugins.bandit.plugin.BugEnum.resources.rules.python.access-foreign-keys
java.lang.IllegalArgumentException: No enum constant ai.glog.plugins.bandit.plugin.BugEnum.resources.rules.python.access-foreign-keys
	at java.base/java.lang.Enum.valueOf(Enum.java:274)
	at ai.glog.plugins.bandit.plugin.BugEnum.valueOf(BugEnum.java:6)
	at ai.glog.execute.workers.TriageAndRemediationCallableWorker.getResolver(TriageAndRemediationCallableWorker.java:97)
	at ai.glog.execute.workers.TriageAndRemediationCallableWorker.call(TriageAndRemediationCallableWorker.java:62)
	at ai.glog.execute.workers.TriageAndRemediationCallableWorker.call(TriageAndRemediationCallableWorker.java:32)
	at java.base/java.util.concurrent.FutureTask.run(FutureTask.java:317)
	at java.base/java.util.concurrent.ThreadPoolExecutor.runWorker(ThreadPoolExecutor.java:1144)
	at java.base/java.util.concurrent.ThreadPoolExecutor$Worker.run(ThreadPoolExecutor.java:642)
	at java.base/java.lang.Thread.run(Thread.java:1623)

Jan 05, 2026 1:27:46 PM ai.glog.execute.workers.TriageAndRemediationCallableWorker call
SEVERE: No enum constant ai.glog.plugins.bandit.plugin.BugEnum.resources.rules.python.missing-ratelimit
java.lang.IllegalArgumentException: No enum constant ai.glog.plugins.bandit.plugin.BugEnum.resources.rules.python.missing-ratelimit
	at java.base/java.lang.Enum.valueOf(Enum.java:274)
	at ai.glog.plugins.bandit.plugin.BugEnum.valueOf(BugEnum.java:6)
	at ai.glog.execute.workers.TriageAndRemediationCallableWorker.getResolver(TriageAndRemediationCallableWorker.java:97)
	at ai.glog.execute.workers.TriageAndRemediationCallableWorker.call(TriageAndRemediationCallableWorker.java:62)
	at ai.glog.execute.workers.TriageAndRemediationCallableWorker.call(TriageAndRemediationCallableWorker.java:32)
	at java.base/java.util.concurrent.FutureTask.run(FutureTask.java:317)
	at java.base/java.util.concurrent.ThreadPoolExecutor.runWorker(ThreadPoolExecutor.java:1144)
	at java.base/java.util.concurrent.ThreadPoolExecutor$Worker.run(ThreadPoolExecutor.java:642)
	at java.base/java.lang.Thread.run(Thread.java:1623)

Jan 05, 2026 1:27:46 PM ai.glog.execute.workers.TriageAndRemediationCallableWorker call
SEVERE: No enum constant ai.glog.plugins.bandit.plugin.BugEnum.resources.rules.python.access-foreign-keys
java.lang.IllegalArgumentException: No enum constant ai.glog.plugins.bandit.plugin.BugEnum.resources.rules.python.access-foreign-keys
	at java.base/java.lang.Enum.valueOf(Enum.java:274)
	at ai.glog.plugins.bandit.plugin.BugEnum.valueOf(BugEnum.java:6)
	at ai.glog.execute.workers.TriageAndRemediationCallableWorker.getResolver(TriageAndRemediationCallableWorker.java:97)
	at ai.glog.execute.workers.TriageAndRemediationCallableWorker.call(TriageAndRemediationCallableWorker.java:62)
	at ai.glog.execute.workers.TriageAndRemediationCallableWorker.call(TriageAndRemediationCallableWorker.java:32)
	at java.base/java.util.concurrent.FutureTask.run(FutureTask.java:317)
	at java.base/java.util.concurrent.ThreadPoolExecutor.runWorker(ThreadPoolExecutor.java:1144)
	at java.base/java.util.concurrent.ThreadPoolExecutor$Worker.run(ThreadPoolExecutor.java:642)
	at java.base/java.lang.Thread.run(Thread.java:1623)

Jan 05, 2026 1:27:46 PM ai.glog.execute.workers.TriageAndRemediationCallableWorker call
SEVERE: No enum constant ai.glog.plugins.bandit.plugin.BugEnum.resources.rules.python.missing-ratelimit
java.lang.IllegalArgumentException: No enum constant ai.glog.plugins.bandit.plugin.BugEnum.resources.rules.python.missing-ratelimit
	at java.base/java.lang.Enum.valueOf(Enum.java:274)
	at ai.glog.plugins.bandit.plugin.BugEnum.valueOf(BugEnum.java:6)
	at ai.glog.execute.workers.TriageAndRemediationCallableWorker.getResolver(TriageAndRemediationCallableWorker.java:97)
	at ai.glog.execute.workers.TriageAndRemediationCallableWorker.call(TriageAndRemediationCallableWorker.java:62)
	at ai.glog.execute.workers.TriageAndRemediationCallableWorker.call(TriageAndRemediationCallableWorker.java:32)
	at java.base/java.util.concurrent.FutureTask.run(FutureTask.java:317)
	at java.base/java.util.concurrent.ThreadPoolExecutor.runWorker(ThreadPoolExecutor.java:1144)
	at java.base/java.util.concurrent.ThreadPoolExecutor$Worker.run(ThreadPoolExecutor.java:642)
	at java.base/java.lang.Thread.run(Thread.java:1623)

Jan 05, 2026 1:27:46 PM ai.glog.execute.workers.TriageAndRemediationCallableWorker call
SEVERE: No enum constant ai.glog.plugins.bandit.plugin.BugEnum.resources.rules.python.access-foreign-keys
java.lang.IllegalArgumentException: No enum constant ai.glog.plugins.bandit.plugin.BugEnum.resources.rules.python.access-foreign-keys
	at java.base/java.lang.Enum.valueOf(Enum.java:274)
	at ai.glog.plugins.bandit.plugin.BugEnum.valueOf(BugEnum.java:6)
	at ai.glog.execute.workers.TriageAndRemediationCallableWorker.getResolver(TriageAndRemediationCallableWorker.java:97)
	at ai.glog.execute.workers.TriageAndRemediationCallableWorker.call(TriageAndRemediationCallableWorker.java:62)
	at ai.glog.execute.workers.TriageAndRemediationCallableWorker.call(TriageAndRemediationCallableWorker.java:32)
	at java.base/java.util.concurrent.FutureTask.run(FutureTask.java:317)
	at java.base/java.util.concurrent.ThreadPoolExecutor.runWorker(ThreadPoolExecutor.java:1144)
	at java.base/java.util.concurrent.ThreadPoolExecutor$Worker.run(ThreadPoolExecutor.java:642)
	at java.base/java.lang.Thread.run(Thread.java:1623)

Jan 05, 2026 1:27:46 PM ai.glog.execute.workers.TriageAndRemediationCallableWorker call
SEVERE: No enum constant ai.glog.plugins.bandit.plugin.BugEnum.resources.rules.python.access-foreign-keys
java.lang.IllegalArgumentException: No enum constant ai.glog.plugins.bandit.plugin.BugEnum.resources.rules.python.access-foreign-keys
	at java.base/java.lang.Enum.valueOf(Enum.java:274)
	at ai.glog.plugins.bandit.plugin.BugEnum.valueOf(BugEnum.java:6)
	at ai.glog.execute.workers.TriageAndRemediationCallableWorker.getResolver(TriageAndRemediationCallableWorker.java:97)
	at ai.glog.execute.workers.TriageAndRemediationCallableWorker.call(TriageAndRemediationCallableWorker.java:62)
	at ai.glog.execute.workers.TriageAndRemediationCallableWorker.call(TriageAndRemediationCallableWorker.java:32)
	at java.base/java.util.concurrent.FutureTask.run(FutureTask.java:317)
	at java.base/java.util.concurrent.ThreadPoolExecutor.runWorker(ThreadPoolExecutor.java:1144)
	at java.base/java.util.concurrent.ThreadPoolExecutor$Worker.run(ThreadPoolExecutor.java:642)
	at java.base/java.lang.Thread.run(Thread.java:1623)

Jan 05, 2026 1:27:46 PM ai.glog.execute.workers.TriageAndRemediationCallableWorker call
SEVERE: No enum constant ai.glog.plugins.bandit.plugin.BugEnum.resources.rules.python.missing-ratelimit
java.lang.IllegalArgumentException: No enum constant ai.glog.plugins.bandit.plugin.BugEnum.resources.rules.python.missing-ratelimit
	at java.base/java.lang.Enum.valueOf(Enum.java:274)
	at ai.glog.plugins.bandit.plugin.BugEnum.valueOf(BugEnum.java:6)
	at ai.glog.execute.workers.TriageAndRemediationCallableWorker.getResolver(TriageAndRemediationCallableWorker.java:97)
	at ai.glog.execute.workers.TriageAndRemediationCallableWorker.call(TriageAndRemediationCallableWorker.java:62)
	at ai.glog.execute.workers.TriageAndRemediationCallableWorker.call(TriageAndRemediationCallableWorker.java:32)
	at java.base/java.util.concurrent.FutureTask.run(FutureTask.java:317)
	at java.base/java.util.concurrent.ThreadPoolExecutor.runWorker(ThreadPoolExecutor.java:1144)
	at java.base/java.util.concurrent.ThreadPoolExecutor$Worker.run(ThreadPoolExecutor.java:642)
	at java.base/java.lang.Thread.run(Thread.java:1623)

Jan 05, 2026 1:27:46 PM ai.glog.execute.workers.TriageAndRemediationCallableWorker call
SEVERE: No enum constant ai.glog.plugins.bandit.plugin.BugEnum.resources.rules.python.missing-ratelimit
java.lang.IllegalArgumentException: No enum constant ai.glog.plugins.bandit.plugin.BugEnum.resources.rules.python.missing-ratelimit
	at java.base/java.lang.Enum.valueOf(Enum.java:274)
	at ai.glog.plugins.bandit.plugin.BugEnum.valueOf(BugEnum.java:6)
	at ai.glog.execute.workers.TriageAndRemediationCallableWorker.getResolver(TriageAndRemediationCallableWorker.java:97)
	at ai.glog.execute.workers.TriageAndRemediationCallableWorker.call(TriageAndRemediationCallableWorker.java:62)
	at ai.glog.execute.workers.TriageAndRemediationCallableWorker.call(TriageAndRemediationCallableWorker.java:32)
	at java.base/java.util.concurrent.FutureTask.run(FutureTask.java:317)
	at java.base/java.util.concurrent.ThreadPoolExecutor.runWorker(ThreadPoolExecutor.java:1144)
	at java.base/java.util.concurrent.ThreadPoolExecutor$Worker.run(ThreadPoolExecutor.java:642)
	at java.base/java.lang.Thread.run(Thread.java:1623)

Jan 05, 2026 1:27:46 PM ai.glog.execute.workers.TriageAndRemediationCallableWorker call
SEVERE: No enum constant ai.glog.plugins.bandit.plugin.BugEnum.resources.rules.python.missing-ratelimit
java.lang.IllegalArgumentException: No enum constant ai.glog.plugins.bandit.plugin.BugEnum.resources.rules.python.missing-ratelimit
	at java.base/java.lang.Enum.valueOf(Enum.java:274)
	at ai.glog.plugins.bandit.plugin.BugEnum.valueOf(BugEnum.java:6)
	at ai.glog.execute.workers.TriageAndRemediationCallableWorker.getResolver(TriageAndRemediationCallableWorker.java:97)
	at ai.glog.execute.workers.TriageAndRemediationCallableWorker.call(TriageAndRemediationCallableWorker.java:62)
	at ai.glog.execute.workers.TriageAndRemediationCallableWorker.call(TriageAndRemediationCallableWorker.java:32)
	at java.base/java.util.concurrent.FutureTask.run(FutureTask.java:317)
	at java.base/java.util.concurrent.ThreadPoolExecutor.runWorker(ThreadPoolExecutor.java:1144)
	at java.base/java.util.concurrent.ThreadPoolExecutor$Worker.run(ThreadPoolExecutor.java:642)
	at java.base/java.lang.Thread.run(Thread.java:1623)

Jan 05, 2026 1:27:46 PM ai.glog.execute.workers.TriageAndRemediationCallableWorker call
SEVERE: No enum constant ai.glog.plugins.bandit.plugin.BugEnum.python.django.security.audit.csrf-exempt.no-csrf-exempt
java.lang.IllegalArgumentException: No enum constant ai.glog.plugins.bandit.plugin.BugEnum.python.django.security.audit.csrf-exempt.no-csrf-exempt
	at java.base/java.lang.Enum.valueOf(Enum.java:274)
	at ai.glog.plugins.bandit.plugin.BugEnum.valueOf(BugEnum.java:6)
	at ai.glog.execute.workers.TriageAndRemediationCallableWorker.getResolver(TriageAndRemediationCallableWorker.java:97)
	at ai.glog.execute.workers.TriageAndRemediationCallableWorker.call(TriageAndRemediationCallableWorker.java:62)
	at ai.glog.execute.workers.TriageAndRemediationCallableWorker.call(TriageAndRemediationCallableWorker.java:32)
	at java.base/java.util.concurrent.FutureTask.run(FutureTask.java:317)
	at java.base/java.util.concurrent.ThreadPoolExecutor.runWorker(ThreadPoolExecutor.java:1144)
	at java.base/java.util.concurrent.ThreadPoolExecutor$Worker.run(ThreadPoolExecutor.java:642)
	at java.base/java.lang.Thread.run(Thread.java:1623)

Jan 05, 2026 1:27:46 PM ai.glog.execute.workers.TriageAndRemediationCallableWorker call
SEVERE: No enum constant ai.glog.plugins.bandit.plugin.BugEnum.resources.rules.python.missing-ratelimit
java.lang.IllegalArgumentException: No enum constant ai.glog.plugins.bandit.plugin.BugEnum.resources.rules.python.missing-ratelimit
	at java.base/java.lang.Enum.valueOf(Enum.java:274)
	at ai.glog.plugins.bandit.plugin.BugEnum.valueOf(BugEnum.java:6)
	at ai.glog.execute.workers.TriageAndRemediationCallableWorker.getResolver(TriageAndRemediationCallableWorker.java:97)
	at ai.glog.execute.workers.TriageAndRemediationCallableWorker.call(TriageAndRemediationCallableWorker.java:62)
	at ai.glog.execute.workers.TriageAndRemediationCallableWorker.call(TriageAndRemediationCallableWorker.java:32)
	at java.base/java.util.concurrent.FutureTask.run(FutureTask.java:317)
	at java.base/java.util.concurrent.ThreadPoolExecutor.runWorker(ThreadPoolExecutor.java:1144)
	at java.base/java.util.concurrent.ThreadPoolExecutor$Worker.run(ThreadPoolExecutor.java:642)
	at java.base/java.lang.Thread.run(Thread.java:1623)

Jan 05, 2026 1:27:46 PM ai.glog.execute.workers.TriageAndRemediationCallableWorker call
SEVERE: No enum constant ai.glog.plugins.bandit.plugin.BugEnum.resources.rules.python.no-csrf-exempt
java.lang.IllegalArgumentException: No enum constant ai.glog.plugins.bandit.plugin.BugEnum.resources.rules.python.no-csrf-exempt
	at java.base/java.lang.Enum.valueOf(Enum.java:274)
	at ai.glog.plugins.bandit.plugin.BugEnum.valueOf(BugEnum.java:6)
	at ai.glog.execute.workers.TriageAndRemediationCallableWorker.getResolver(TriageAndRemediationCallableWorker.java:97)
	at ai.glog.execute.workers.TriageAndRemediationCallableWorker.call(TriageAndRemediationCallableWorker.java:62)
	at ai.glog.execute.workers.TriageAndRemediationCallableWorker.call(TriageAndRemediationCallableWorker.java:32)
	at java.base/java.util.concurrent.FutureTask.run(FutureTask.java:317)
	at java.base/java.util.concurrent.ThreadPoolExecutor.runWorker(ThreadPoolExecutor.java:1144)
	at java.base/java.util.concurrent.ThreadPoolExecutor$Worker.run(ThreadPoolExecutor.java:642)
	at java.base/java.lang.Thread.run(Thread.java:1623)

Jan 05, 2026 1:27:46 PM ai.glog.execute.workers.TriageAndRemediationCallableWorker call
SEVERE: No enum constant ai.glog.plugins.bandit.plugin.BugEnum.python.django.security.django-using-request-post-after-is-valid.django-using-request-post-after-is-valid
java.lang.IllegalArgumentException: No enum constant ai.glog.plugins.bandit.plugin.BugEnum.python.django.security.django-using-request-post-after-is-valid.django-using-request-post-after-is-valid
	at java.base/java.lang.Enum.valueOf(Enum.java:274)
	at ai.glog.plugins.bandit.plugin.BugEnum.valueOf(BugEnum.java:6)
	at ai.glog.execute.workers.TriageAndRemediationCallableWorker.getResolver(TriageAndRemediationCallableWorker.java:97)
	at ai.glog.execute.workers.TriageAndRemediationCallableWorker.call(TriageAndRemediationCallableWorker.java:62)
	at ai.glog.execute.workers.TriageAndRemediationCallableWorker.call(TriageAndRemediationCallableWorker.java:32)
	at java.base/java.util.concurrent.FutureTask.run(FutureTask.java:317)
	at java.base/java.util.concurrent.ThreadPoolExecutor.runWorker(ThreadPoolExecutor.java:1144)
	at java.base/java.util.concurrent.ThreadPoolExecutor$Worker.run(ThreadPoolExecutor.java:642)
	at java.base/java.lang.Thread.run(Thread.java:1623)

Jan 05, 2026 1:27:46 PM ai.glog.execute.workers.TriageAndRemediationCallableWorker call
SEVERE: No enum constant ai.glog.plugins.bandit.plugin.BugEnum.python.django.security.django-using-request-post-after-is-valid.django-using-request-post-after-is-valid
java.lang.IllegalArgumentException: No enum constant ai.glog.plugins.bandit.plugin.BugEnum.python.django.security.django-using-request-post-after-is-valid.django-using-request-post-after-is-valid
	at java.base/java.lang.Enum.valueOf(Enum.java:274)
	at ai.glog.plugins.bandit.plugin.BugEnum.valueOf(BugEnum.java:6)
	at ai.glog.execute.workers.TriageAndRemediationCallableWorker.getResolver(TriageAndRemediationCallableWorker.java:97)
	at ai.glog.execute.workers.TriageAndRemediationCallableWorker.call(TriageAndRemediationCallableWorker.java:62)
	at ai.glog.execute.workers.TriageAndRemediationCallableWorker.call(TriageAndRemediationCallableWorker.java:32)
	at java.base/java.util.concurrent.FutureTask.run(FutureTask.java:317)
	at java.base/java.util.concurrent.ThreadPoolExecutor.runWorker(ThreadPoolExecutor.java:1144)
	at java.base/java.util.concurrent.ThreadPoolExecutor$Worker.run(ThreadPoolExecutor.java:642)
	at java.base/java.lang.Thread.run(Thread.java:1623)

Jan 05, 2026 1:27:46 PM ai.glog.execute.workers.TriageAndRemediationCallableWorker call
SEVERE: No enum constant ai.glog.plugins.bandit.plugin.BugEnum.python.django.security.django-using-request-post-after-is-valid.django-using-request-post-after-is-valid
java.lang.IllegalArgumentException: No enum constant ai.glog.plugins.bandit.plugin.BugEnum.python.django.security.django-using-request-post-after-is-valid.django-using-request-post-after-is-valid
	at java.base/java.lang.Enum.valueOf(Enum.java:274)
	at ai.glog.plugins.bandit.plugin.BugEnum.valueOf(BugEnum.java:6)
	at ai.glog.execute.workers.TriageAndRemediationCallableWorker.getResolver(TriageAndRemediationCallableWorker.java:97)
	at ai.glog.execute.workers.TriageAndRemediationCallableWorker.call(TriageAndRemediationCallableWorker.java:62)
	at ai.glog.execute.workers.TriageAndRemediationCallableWorker.call(TriageAndRemediationCallableWorker.java:32)
	at java.base/java.util.concurrent.FutureTask.run(FutureTask.java:317)
	at java.base/java.util.concurrent.ThreadPoolExecutor.runWorker(ThreadPoolExecutor.java:1144)
	at java.base/java.util.concurrent.ThreadPoolExecutor$Worker.run(ThreadPoolExecutor.java:642)
	at java.base/java.lang.Thread.run(Thread.java:1623)

Jan 05, 2026 1:27:46 PM ai.glog.execute.workers.TriageAndRemediationCallableWorker call
SEVERE: No enum constant ai.glog.plugins.bandit.plugin.BugEnum.python.django.security.django-using-request-post-after-is-valid.django-using-request-post-after-is-valid
java.lang.IllegalArgumentException: No enum constant ai.glog.plugins.bandit.plugin.BugEnum.python.django.security.django-using-request-post-after-is-valid.django-using-request-post-after-is-valid
	at java.base/java.lang.Enum.valueOf(Enum.java:274)
	at ai.glog.plugins.bandit.plugin.BugEnum.valueOf(BugEnum.java:6)
	at ai.glog.execute.workers.TriageAndRemediationCallableWorker.getResolver(TriageAndRemediationCallableWorker.java:97)
	at ai.glog.execute.workers.TriageAndRemediationCallableWorker.call(TriageAndRemediationCallableWorker.java:62)
	at ai.glog.execute.workers.TriageAndRemediationCallableWorker.call(TriageAndRemediationCallableWorker.java:32)
	at java.base/java.util.concurrent.FutureTask.run(FutureTask.java:317)
	at java.base/java.util.concurrent.ThreadPoolExecutor.runWorker(ThreadPoolExecutor.java:1144)
	at java.base/java.util.concurrent.ThreadPoolExecutor$Worker.run(ThreadPoolExecutor.java:642)
	at java.base/java.lang.Thread.run(Thread.java:1623)

Jan 05, 2026 1:27:46 PM ai.glog.execute.workers.TriageAndRemediationCallableWorker call
SEVERE: No enum constant ai.glog.plugins.bandit.plugin.BugEnum.python.django.security.django-using-request-post-after-is-valid.django-using-request-post-after-is-valid
java.lang.IllegalArgumentException: No enum constant ai.glog.plugins.bandit.plugin.BugEnum.python.django.security.django-using-request-post-after-is-valid.django-using-request-post-after-is-valid
	at java.base/java.lang.Enum.valueOf(Enum.java:274)
	at ai.glog.plugins.bandit.plugin.BugEnum.valueOf(BugEnum.java:6)
	at ai.glog.execute.workers.TriageAndRemediationCallableWorker.getResolver(TriageAndRemediationCallableWorker.java:97)
	at ai.glog.execute.workers.TriageAndRemediationCallableWorker.call(TriageAndRemediationCallableWorker.java:62)
	at ai.glog.execute.workers.TriageAndRemediationCallableWorker.call(TriageAndRemediationCallableWorker.java:32)
	at java.base/java.util.concurrent.FutureTask.run(FutureTask.java:317)
	at java.base/java.util.concurrent.ThreadPoolExecutor.runWorker(ThreadPoolExecutor.java:1144)
	at java.base/java.util.concurrent.ThreadPoolExecutor$Worker.run(ThreadPoolExecutor.java:642)
	at java.base/java.lang.Thread.run(Thread.java:1623)

Jan 05, 2026 1:27:46 PM ai.glog.execute.workers.TriageAndRemediationCallableWorker call
SEVERE: No enum constant ai.glog.plugins.bandit.plugin.BugEnum.python.django.security.django-using-request-post-after-is-valid.django-using-request-post-after-is-valid
java.lang.IllegalArgumentException: No enum constant ai.glog.plugins.bandit.plugin.BugEnum.python.django.security.django-using-request-post-after-is-valid.django-using-request-post-after-is-valid
	at java.base/java.lang.Enum.valueOf(Enum.java:274)
	at ai.glog.plugins.bandit.plugin.BugEnum.valueOf(BugEnum.java:6)
	at ai.glog.execute.workers.TriageAndRemediationCallableWorker.getResolver(TriageAndRemediationCallableWorker.java:97)
	at ai.glog.execute.workers.TriageAndRemediationCallableWorker.call(TriageAndRemediationCallableWorker.java:62)
	at ai.glog.execute.workers.TriageAndRemediationCallableWorker.call(TriageAndRemediationCallableWorker.java:32)
	at java.base/java.util.concurrent.FutureTask.run(FutureTask.java:317)
	at java.base/java.util.concurrent.ThreadPoolExecutor.runWorker(ThreadPoolExecutor.java:1144)
	at java.base/java.util.concurrent.ThreadPoolExecutor$Worker.run(ThreadPoolExecutor.java:642)
	at java.base/java.lang.Thread.run(Thread.java:1623)

Jan 05, 2026 1:27:46 PM ai.glog.execute.workers.TriageAndRemediationCallableWorker call
SEVERE: No enum constant ai.glog.plugins.bandit.plugin.BugEnum.python.django.security.django-using-request-post-after-is-valid.django-using-request-post-after-is-valid
java.lang.IllegalArgumentException: No enum constant ai.glog.plugins.bandit.plugin.BugEnum.python.django.security.django-using-request-post-after-is-valid.django-using-request-post-after-is-valid
	at java.base/java.lang.Enum.valueOf(Enum.java:274)
	at ai.glog.plugins.bandit.plugin.BugEnum.valueOf(BugEnum.java:6)
	at ai.glog.execute.workers.TriageAndRemediationCallableWorker.getResolver(TriageAndRemediationCallableWorker.java:97)
	at ai.glog.execute.workers.TriageAndRemediationCallableWorker.call(TriageAndRemediationCallableWorker.java:62)
	at ai.glog.execute.workers.TriageAndRemediationCallableWorker.call(TriageAndRemediationCallableWorker.java:32)
	at java.base/java.util.concurrent.FutureTask.run(FutureTask.java:317)
	at java.base/java.util.concurrent.ThreadPoolExecutor.runWorker(ThreadPoolExecutor.java:1144)
	at java.base/java.util.concurrent.ThreadPoolExecutor$Worker.run(ThreadPoolExecutor.java:642)
	at java.base/java.lang.Thread.run(Thread.java:1623)

Jan 05, 2026 1:27:46 PM ai.glog.execute.workers.TriageAndRemediationCallableWorker call
SEVERE: No enum constant ai.glog.plugins.bandit.plugin.BugEnum.python.django.security.django-using-request-post-after-is-valid.django-using-request-post-after-is-valid
java.lang.IllegalArgumentException: No enum constant ai.glog.plugins.bandit.plugin.BugEnum.python.django.security.django-using-request-post-after-is-valid.django-using-request-post-after-is-valid
	at java.base/java.lang.Enum.valueOf(Enum.java:274)
	at ai.glog.plugins.bandit.plugin.BugEnum.valueOf(BugEnum.java:6)
	at ai.glog.execute.workers.TriageAndRemediationCallableWorker.getResolver(TriageAndRemediationCallableWorker.java:97)
	at ai.glog.execute.workers.TriageAndRemediationCallableWorker.call(TriageAndRemediationCallableWorker.java:62)
	at ai.glog.execute.workers.TriageAndRemediationCallableWorker.call(TriageAndRemediationCallableWorker.java:32)
	at java.base/java.util.concurrent.FutureTask.run(FutureTask.java:317)
	at java.base/java.util.concurrent.ThreadPoolExecutor.runWorker(ThreadPoolExecutor.java:1144)
	at java.base/java.util.concurrent.ThreadPoolExecutor$Worker.run(ThreadPoolExecutor.java:642)
	at java.base/java.lang.Thread.run(Thread.java:1623)

Jan 05, 2026 1:27:46 PM ai.glog.execute.workers.TriageAndRemediationCallableWorker call
SEVERE: No enum constant ai.glog.plugins.bandit.plugin.BugEnum.python.django.security.django-using-request-post-after-is-valid.django-using-request-post-after-is-valid
java.lang.IllegalArgumentException: No enum constant ai.glog.plugins.bandit.plugin.BugEnum.python.django.security.django-using-request-post-after-is-valid.django-using-request-post-after-is-valid
	at java.base/java.lang.Enum.valueOf(Enum.java:274)
	at ai.glog.plugins.bandit.plugin.BugEnum.valueOf(BugEnum.java:6)
	at ai.glog.execute.workers.TriageAndRemediationCallableWorker.getResolver(TriageAndRemediationCallableWorker.java:97)
	at ai.glog.execute.workers.TriageAndRemediationCallableWorker.call(TriageAndRemediationCallableWorker.java:62)
	at ai.glog.execute.workers.TriageAndRemediationCallableWorker.call(TriageAndRemediationCallableWorker.java:32)
	at java.base/java.util.concurrent.FutureTask.run(FutureTask.java:317)
	at java.base/java.util.concurrent.ThreadPoolExecutor.runWorker(ThreadPoolExecutor.java:1144)
	at java.base/java.util.concurrent.ThreadPoolExecutor$Worker.run(ThreadPoolExecutor.java:642)
	at java.base/java.lang.Thread.run(Thread.java:1623)

Jan 05, 2026 1:27:46 PM ai.glog.execute.workers.TriageAndRemediationCallableWorker call
SEVERE: No enum constant ai.glog.plugins.bandit.plugin.BugEnum.python.django.security.audit.unvalidated-password.unvalidated-password
java.lang.IllegalArgumentException: No enum constant ai.glog.plugins.bandit.plugin.BugEnum.python.django.security.audit.unvalidated-password.unvalidated-password
	at java.base/java.lang.Enum.valueOf(Enum.java:274)
	at ai.glog.plugins.bandit.plugin.BugEnum.valueOf(BugEnum.java:6)
	at ai.glog.execute.workers.TriageAndRemediationCallableWorker.getResolver(TriageAndRemediationCallableWorker.java:97)
	at ai.glog.execute.workers.TriageAndRemediationCallableWorker.call(TriageAndRemediationCallableWorker.java:62)
	at ai.glog.execute.workers.TriageAndRemediationCallableWorker.call(TriageAndRemediationCallableWorker.java:32)
	at java.base/java.util.concurrent.FutureTask.run(FutureTask.java:317)
	at java.base/java.util.concurrent.ThreadPoolExecutor.runWorker(ThreadPoolExecutor.java:1144)
	at java.base/java.util.concurrent.ThreadPoolExecutor$Worker.run(ThreadPoolExecutor.java:642)
	at java.base/java.lang.Thread.run(Thread.java:1623)

Jan 05, 2026 1:27:46 PM ai.glog.execute.workers.TriageAndRemediationCallableWorker call
SEVERE: No enum constant ai.glog.plugins.bandit.plugin.BugEnum.resources.rules.python.unvalidated-password
java.lang.IllegalArgumentException: No enum constant ai.glog.plugins.bandit.plugin.BugEnum.resources.rules.python.unvalidated-password
	at java.base/java.lang.Enum.valueOf(Enum.java:274)
	at ai.glog.plugins.bandit.plugin.BugEnum.valueOf(BugEnum.java:6)
	at ai.glog.execute.workers.TriageAndRemediationCallableWorker.getResolver(TriageAndRemediationCallableWorker.java:97)
	at ai.glog.execute.workers.TriageAndRemediationCallableWorker.call(TriageAndRemediationCallableWorker.java:62)
	at ai.glog.execute.workers.TriageAndRemediationCallableWorker.call(TriageAndRemediationCallableWorker.java:32)
	at java.base/java.util.concurrent.FutureTask.run(FutureTask.java:317)
	at java.base/java.util.concurrent.ThreadPoolExecutor.runWorker(ThreadPoolExecutor.java:1144)
	at java.base/java.util.concurrent.ThreadPoolExecutor$Worker.run(ThreadPoolExecutor.java:642)
	at java.base/java.lang.Thread.run(Thread.java:1623)

Jan 05, 2026 1:27:46 PM ai.glog.execute.workers.TriageAndRemediationCallableWorker call
SEVERE: No enum constant ai.glog.plugins.bandit.plugin.BugEnum.python.django.security.django-using-request-post-after-is-valid.django-using-request-post-after-is-valid
java.lang.IllegalArgumentException: No enum constant ai.glog.plugins.bandit.plugin.BugEnum.python.django.security.django-using-request-post-after-is-valid.django-using-request-post-after-is-valid
	at java.base/java.lang.Enum.valueOf(Enum.java:274)
	at ai.glog.plugins.bandit.plugin.BugEnum.valueOf(BugEnum.java:6)
	at ai.glog.execute.workers.TriageAndRemediationCallableWorker.getResolver(TriageAndRemediationCallableWorker.java:97)
	at ai.glog.execute.workers.TriageAndRemediationCallableWorker.call(TriageAndRemediationCallableWorker.java:62)
	at ai.glog.execute.workers.TriageAndRemediationCallableWorker.call(TriageAndRemediationCallableWorker.java:32)
	at java.base/java.util.concurrent.FutureTask.run(FutureTask.java:317)
	at java.base/java.util.concurrent.ThreadPoolExecutor.runWorker(ThreadPoolExecutor.java:1144)
	at java.base/java.util.concurrent.ThreadPoolExecutor$Worker.run(ThreadPoolExecutor.java:642)
	at java.base/java.lang.Thread.run(Thread.java:1623)

Jan 05, 2026 1:27:47 PM ai.glog.execute.workers.TriageAndRemediationCallableWorker call
SEVERE: No enum constant ai.glog.plugins.bandit.plugin.BugEnum.python.django.security.audit.csrf-exempt.no-csrf-exempt
java.lang.IllegalArgumentException: No enum constant ai.glog.plugins.bandit.plugin.BugEnum.python.django.security.audit.csrf-exempt.no-csrf-exempt
	at java.base/java.lang.Enum.valueOf(Enum.java:274)
	at ai.glog.plugins.bandit.plugin.BugEnum.valueOf(BugEnum.java:6)
	at ai.glog.execute.workers.TriageAndRemediationCallableWorker.getResolver(TriageAndRemediationCallableWorker.java:97)
	at ai.glog.execute.workers.TriageAndRemediationCallableWorker.call(TriageAndRemediationCallableWorker.java:62)
	at ai.glog.execute.workers.TriageAndRemediationCallableWorker.call(TriageAndRemediationCallableWorker.java:32)
	at java.base/java.util.concurrent.FutureTask.run(FutureTask.java:317)
	at java.base/java.util.concurrent.ThreadPoolExecutor.runWorker(ThreadPoolExecutor.java:1144)
	at java.base/java.util.concurrent.ThreadPoolExecutor$Worker.run(ThreadPoolExecutor.java:642)
	at java.base/java.lang.Thread.run(Thread.java:1623)

Jan 05, 2026 1:27:47 PM ai.glog.execute.workers.TriageAndRemediationCallableWorker call
SEVERE: No enum constant ai.glog.plugins.bandit.plugin.BugEnum.resources.rules.python.missing-ratelimit
java.lang.IllegalArgumentException: No enum constant ai.glog.plugins.bandit.plugin.BugEnum.resources.rules.python.missing-ratelimit
	at java.base/java.lang.Enum.valueOf(Enum.java:274)
	at ai.glog.plugins.bandit.plugin.BugEnum.valueOf(BugEnum.java:6)
	at ai.glog.execute.workers.TriageAndRemediationCallableWorker.getResolver(TriageAndRemediationCallableWorker.java:97)
	at ai.glog.execute.workers.TriageAndRemediationCallableWorker.call(TriageAndRemediationCallableWorker.java:62)
	at ai.glog.execute.workers.TriageAndRemediationCallableWorker.call(TriageAndRemediationCallableWorker.java:32)
	at java.base/java.util.concurrent.FutureTask.run(FutureTask.java:317)
	at java.base/java.util.concurrent.ThreadPoolExecutor.runWorker(ThreadPoolExecutor.java:1144)
	at java.base/java.util.concurrent.ThreadPoolExecutor$Worker.run(ThreadPoolExecutor.java:642)
	at java.base/java.lang.Thread.run(Thread.java:1623)

Jan 05, 2026 1:27:47 PM ai.glog.execute.workers.TriageAndRemediationCallableWorker call
SEVERE: No enum constant ai.glog.plugins.bandit.plugin.BugEnum.resources.rules.python.no-csrf-exempt
java.lang.IllegalArgumentException: No enum constant ai.glog.plugins.bandit.plugin.BugEnum.resources.rules.python.no-csrf-exempt
	at java.base/java.lang.Enum.valueOf(Enum.java:274)
	at ai.glog.plugins.bandit.plugin.BugEnum.valueOf(BugEnum.java:6)
	at ai.glog.execute.workers.TriageAndRemediationCallableWorker.getResolver(TriageAndRemediationCallableWorker.java:97)
	at ai.glog.execute.workers.TriageAndRemediationCallableWorker.call(TriageAndRemediationCallableWorker.java:62)
	at ai.glog.execute.workers.TriageAndRemediationCallableWorker.call(TriageAndRemediationCallableWorker.java:32)
	at java.base/java.util.concurrent.FutureTask.run(FutureTask.java:317)
	at java.base/java.util.concurrent.ThreadPoolExecutor.runWorker(ThreadPoolExecutor.java:1144)
	at java.base/java.util.concurrent.ThreadPoolExecutor$Worker.run(ThreadPoolExecutor.java:642)
	at java.base/java.lang.Thread.run(Thread.java:1623)

Jan 05, 2026 1:27:47 PM ai.glog.execute.workers.TriageAndRemediationCallableWorker call
SEVERE: No enum constant ai.glog.plugins.bandit.plugin.BugEnum.python.django.security.audit.unvalidated-password.unvalidated-password
java.lang.IllegalArgumentException: No enum constant ai.glog.plugins.bandit.plugin.BugEnum.python.django.security.audit.unvalidated-password.unvalidated-password
	at java.base/java.lang.Enum.valueOf(Enum.java:274)
	at ai.glog.plugins.bandit.plugin.BugEnum.valueOf(BugEnum.java:6)
	at ai.glog.execute.workers.TriageAndRemediationCallableWorker.getResolver(TriageAndRemediationCallableWorker.java:97)
	at ai.glog.execute.workers.TriageAndRemediationCallableWorker.call(TriageAndRemediationCallableWorker.java:62)
	at ai.glog.execute.workers.TriageAndRemediationCallableWorker.call(TriageAndRemediationCallableWorker.java:32)
	at java.base/java.util.concurrent.FutureTask.run(FutureTask.java:317)
	at java.base/java.util.concurrent.ThreadPoolExecutor.runWorker(ThreadPoolExecutor.java:1144)
	at java.base/java.util.concurrent.ThreadPoolExecutor$Worker.run(ThreadPoolExecutor.java:642)
	at java.base/java.lang.Thread.run(Thread.java:1623)

Jan 05, 2026 1:27:47 PM ai.glog.execute.workers.TriageAndRemediationCallableWorker call
SEVERE: No enum constant ai.glog.plugins.bandit.plugin.BugEnum.resources.rules.python.unvalidated-password
java.lang.IllegalArgumentException: No enum constant ai.glog.plugins.bandit.plugin.BugEnum.resources.rules.python.unvalidated-password
	at java.base/java.lang.Enum.valueOf(Enum.java:274)
	at ai.glog.plugins.bandit.plugin.BugEnum.valueOf(BugEnum.java:6)
	at ai.glog.execute.workers.TriageAndRemediationCallableWorker.getResolver(TriageAndRemediationCallableWorker.java:97)
	at ai.glog.execute.workers.TriageAndRemediationCallableWorker.call(TriageAndRemediationCallableWorker.java:62)
	at ai.glog.execute.workers.TriageAndRemediationCallableWorker.call(TriageAndRemediationCallableWorker.java:32)
	at java.base/java.util.concurrent.FutureTask.run(FutureTask.java:317)
	at java.base/java.util.concurrent.ThreadPoolExecutor.runWorker(ThreadPoolExecutor.java:1144)
	at java.base/java.util.concurrent.ThreadPoolExecutor$Worker.run(ThreadPoolExecutor.java:642)
	at java.base/java.lang.Thread.run(Thread.java:1623)

Jan 05, 2026 1:27:47 PM ai.glog.execute.workers.TriageAndRemediationCallableWorker call
SEVERE: No enum constant ai.glog.plugins.bandit.plugin.BugEnum.python.django.security.audit.csrf-exempt.no-csrf-exempt
java.lang.IllegalArgumentException: No enum constant ai.glog.plugins.bandit.plugin.BugEnum.python.django.security.audit.csrf-exempt.no-csrf-exempt
	at java.base/java.lang.Enum.valueOf(Enum.java:274)
	at ai.glog.plugins.bandit.plugin.BugEnum.valueOf(BugEnum.java:6)
	at ai.glog.execute.workers.TriageAndRemediationCallableWorker.getResolver(TriageAndRemediationCallableWorker.java:97)
	at ai.glog.execute.workers.TriageAndRemediationCallableWorker.call(TriageAndRemediationCallableWorker.java:62)
	at ai.glog.execute.workers.TriageAndRemediationCallableWorker.call(TriageAndRemediationCallableWorker.java:32)
	at java.base/java.util.concurrent.FutureTask.run(FutureTask.java:317)
	at java.base/java.util.concurrent.ThreadPoolExecutor.runWorker(ThreadPoolExecutor.java:1144)
	at java.base/java.util.concurrent.ThreadPoolExecutor$Worker.run(ThreadPoolExecutor.java:642)
	at java.base/java.lang.Thread.run(Thread.java:1623)

Jan 05, 2026 1:27:47 PM ai.glog.execute.workers.TriageAndRemediationCallableWorker call
SEVERE: No enum constant ai.glog.plugins.bandit.plugin.BugEnum.resources.rules.python.missing-ratelimit
java.lang.IllegalArgumentException: No enum constant ai.glog.plugins.bandit.plugin.BugEnum.resources.rules.python.missing-ratelimit
	at java.base/java.lang.Enum.valueOf(Enum.java:274)
	at ai.glog.plugins.bandit.plugin.BugEnum.valueOf(BugEnum.java:6)
	at ai.glog.execute.workers.TriageAndRemediationCallableWorker.getResolver(TriageAndRemediationCallableWorker.java:97)
	at ai.glog.execute.workers.TriageAndRemediationCallableWorker.call(TriageAndRemediationCallableWorker.java:62)
	at ai.glog.execute.workers.TriageAndRemediationCallableWorker.call(TriageAndRemediationCallableWorker.java:32)
	at java.base/java.util.concurrent.FutureTask.run(FutureTask.java:317)
	at java.base/java.util.concurrent.ThreadPoolExecutor.runWorker(ThreadPoolExecutor.java:1144)
	at java.base/java.util.concurrent.ThreadPoolExecutor$Worker.run(ThreadPoolExecutor.java:642)
	at java.base/java.lang.Thread.run(Thread.java:1623)

Jan 05, 2026 1:27:47 PM ai.glog.execute.workers.TriageAndRemediationCallableWorker call
SEVERE: No enum constant ai.glog.plugins.bandit.plugin.BugEnum.resources.rules.python.no-csrf-exempt
java.lang.IllegalArgumentException: No enum constant ai.glog.plugins.bandit.plugin.BugEnum.resources.rules.python.no-csrf-exempt
	at java.base/java.lang.Enum.valueOf(Enum.java:274)
	at ai.glog.plugins.bandit.plugin.BugEnum.valueOf(BugEnum.java:6)
	at ai.glog.execute.workers.TriageAndRemediationCallableWorker.getResolver(TriageAndRemediationCallableWorker.java:97)
	at ai.glog.execute.workers.TriageAndRemediationCallableWorker.call(TriageAndRemediationCallableWorker.java:62)
	at ai.glog.execute.workers.TriageAndRemediationCallableWorker.call(TriageAndRemediationCallableWorker.java:32)
	at java.base/java.util.concurrent.FutureTask.run(FutureTask.java:317)
	at java.base/java.util.concurrent.ThreadPoolExecutor.runWorker(ThreadPoolExecutor.java:1144)
	at java.base/java.util.concurrent.ThreadPoolExecutor$Worker.run(ThreadPoolExecutor.java:642)
	at java.base/java.lang.Thread.run(Thread.java:1623)

Jan 05, 2026 1:27:47 PM ai.glog.execute.workers.TriageAndRemediationCallableWorker call
SEVERE: No enum constant ai.glog.plugins.bandit.plugin.BugEnum.python.django.security.audit.csrf-exempt.no-csrf-exempt
java.lang.IllegalArgumentException: No enum constant ai.glog.plugins.bandit.plugin.BugEnum.python.django.security.audit.csrf-exempt.no-csrf-exempt
	at java.base/java.lang.Enum.valueOf(Enum.java:274)
	at ai.glog.plugins.bandit.plugin.BugEnum.valueOf(BugEnum.java:6)
	at ai.glog.execute.workers.TriageAndRemediationCallableWorker.getResolver(TriageAndRemediationCallableWorker.java:97)
	at ai.glog.execute.workers.TriageAndRemediationCallableWorker.call(TriageAndRemediationCallableWorker.java:62)
	at ai.glog.execute.workers.TriageAndRemediationCallableWorker.call(TriageAndRemediationCallableWorker.java:32)
	at java.base/java.util.concurrent.FutureTask.run(FutureTask.java:317)
	at java.base/java.util.concurrent.ThreadPoolExecutor.runWorker(ThreadPoolExecutor.java:1144)
	at java.base/java.util.concurrent.ThreadPoolExecutor$Worker.run(ThreadPoolExecutor.java:642)
	at java.base/java.lang.Thread.run(Thread.java:1623)

Jan 05, 2026 1:27:47 PM ai.glog.execute.workers.TriageAndRemediationCallableWorker call
SEVERE: No enum constant ai.glog.plugins.bandit.plugin.BugEnum.resources.rules.python.missing-ratelimit
java.lang.IllegalArgumentException: No enum constant ai.glog.plugins.bandit.plugin.BugEnum.resources.rules.python.missing-ratelimit
	at java.base/java.lang.Enum.valueOf(Enum.java:274)
	at ai.glog.plugins.bandit.plugin.BugEnum.valueOf(BugEnum.java:6)
	at ai.glog.execute.workers.TriageAndRemediationCallableWorker.getResolver(TriageAndRemediationCallableWorker.java:97)
	at ai.glog.execute.workers.TriageAndRemediationCallableWorker.call(TriageAndRemediationCallableWorker.java:62)
	at ai.glog.execute.workers.TriageAndRemediationCallableWorker.call(TriageAndRemediationCallableWorker.java:32)
	at java.base/java.util.concurrent.FutureTask.run(FutureTask.java:317)
	at java.base/java.util.concurrent.ThreadPoolExecutor.runWorker(ThreadPoolExecutor.java:1144)
	at java.base/java.util.concurrent.ThreadPoolExecutor$Worker.run(ThreadPoolExecutor.java:642)
	at java.base/java.lang.Thread.run(Thread.java:1623)

Jan 05, 2026 1:27:47 PM ai.glog.execute.workers.TriageAndRemediationCallableWorker call
SEVERE: No enum constant ai.glog.plugins.bandit.plugin.BugEnum.resources.rules.python.no-csrf-exempt
java.lang.IllegalArgumentException: No enum constant ai.glog.plugins.bandit.plugin.BugEnum.resources.rules.python.no-csrf-exempt
	at java.base/java.lang.Enum.valueOf(Enum.java:274)
	at ai.glog.plugins.bandit.plugin.BugEnum.valueOf(BugEnum.java:6)
	at ai.glog.execute.workers.TriageAndRemediationCallableWorker.getResolver(TriageAndRemediationCallableWorker.java:97)
	at ai.glog.execute.workers.TriageAndRemediationCallableWorker.call(TriageAndRemediationCallableWorker.java:62)
	at ai.glog.execute.workers.TriageAndRemediationCallableWorker.call(TriageAndRemediationCallableWorker.java:32)
	at java.base/java.util.concurrent.FutureTask.run(FutureTask.java:317)
	at java.base/java.util.concurrent.ThreadPoolExecutor.runWorker(ThreadPoolExecutor.java:1144)
	at java.base/java.util.concurrent.ThreadPoolExecutor$Worker.run(ThreadPoolExecutor.java:642)
	at java.base/java.lang.Thread.run(Thread.java:1623)

Jan 05, 2026 1:27:47 PM ai.glog.execute.workers.TriageAndRemediationCallableWorker call
SEVERE: No enum constant ai.glog.plugins.bandit.plugin.BugEnum.python.django.security.audit.unvalidated-password.unvalidated-password
java.lang.IllegalArgumentException: No enum constant ai.glog.plugins.bandit.plugin.BugEnum.python.django.security.audit.unvalidated-password.unvalidated-password
	at java.base/java.lang.Enum.valueOf(Enum.java:274)
	at ai.glog.plugins.bandit.plugin.BugEnum.valueOf(BugEnum.java:6)
	at ai.glog.execute.workers.TriageAndRemediationCallableWorker.getResolver(TriageAndRemediationCallableWorker.java:97)
	at ai.glog.execute.workers.TriageAndRemediationCallableWorker.call(TriageAndRemediationCallableWorker.java:62)
	at ai.glog.execute.workers.TriageAndRemediationCallableWorker.call(TriageAndRemediationCallableWorker.java:32)
	at java.base/java.util.concurrent.FutureTask.run(FutureTask.java:317)
	at java.base/java.util.concurrent.ThreadPoolExecutor.runWorker(ThreadPoolExecutor.java:1144)
	at java.base/java.util.concurrent.ThreadPoolExecutor$Worker.run(ThreadPoolExecutor.java:642)
	at java.base/java.lang.Thread.run(Thread.java:1623)

Jan 05, 2026 1:27:47 PM ai.glog.execute.workers.TriageAndRemediationCallableWorker call
SEVERE: No enum constant ai.glog.plugins.bandit.plugin.BugEnum.resources.rules.python.unvalidated-password
java.lang.IllegalArgumentException: No enum constant ai.glog.plugins.bandit.plugin.BugEnum.resources.rules.python.unvalidated-password
	at java.base/java.lang.Enum.valueOf(Enum.java:274)
	at ai.glog.plugins.bandit.plugin.BugEnum.valueOf(BugEnum.java:6)
	at ai.glog.execute.workers.TriageAndRemediationCallableWorker.getResolver(TriageAndRemediationCallableWorker.java:97)
	at ai.glog.execute.workers.TriageAndRemediationCallableWorker.call(TriageAndRemediationCallableWorker.java:62)
	at ai.glog.execute.workers.TriageAndRemediationCallableWorker.call(TriageAndRemediationCallableWorker.java:32)
	at java.base/java.util.concurrent.FutureTask.run(FutureTask.java:317)
	at java.base/java.util.concurrent.ThreadPoolExecutor.runWorker(ThreadPoolExecutor.java:1144)
	at java.base/java.util.concurrent.ThreadPoolExecutor$Worker.run(ThreadPoolExecutor.java:642)
	at java.base/java.lang.Thread.run(Thread.java:1623)

Jan 05, 2026 1:27:47 PM ai.glog.execute.workers.TriageAndRemediationCallableWorker call
SEVERE: No enum constant ai.glog.plugins.bandit.plugin.BugEnum.resources.rules.python.missing-ratelimit
java.lang.IllegalArgumentException: No enum constant ai.glog.plugins.bandit.plugin.BugEnum.resources.rules.python.missing-ratelimit
	at java.base/java.lang.Enum.valueOf(Enum.java:274)
	at ai.glog.plugins.bandit.plugin.BugEnum.valueOf(BugEnum.java:6)
	at ai.glog.execute.workers.TriageAndRemediationCallableWorker.getResolver(TriageAndRemediationCallableWorker.java:97)
	at ai.glog.execute.workers.TriageAndRemediationCallableWorker.call(TriageAndRemediationCallableWorker.java:62)
	at ai.glog.execute.workers.TriageAndRemediationCallableWorker.call(TriageAndRemediationCallableWorker.java:32)
	at java.base/java.util.concurrent.FutureTask.run(FutureTask.java:317)
	at java.base/java.util.concurrent.ThreadPoolExecutor.runWorker(ThreadPoolExecutor.java:1144)
	at java.base/java.util.concurrent.ThreadPoolExecutor$Worker.run(ThreadPoolExecutor.java:642)
	at java.base/java.lang.Thread.run(Thread.java:1623)

